Component: ARM Compiler 5.06 update 6 (build 750) Tool: armlink [4d35ed]

==============================================================================

Section Cross References

    main.o(i.closeGate) refers to pwm.o(i.PWMPulseWidthSet) for PWMPulseWidthSet
    main.o(i.closeGate) refers to pwm.o(i.PWMOutputState) for PWMOutputState
    main.o(i.closeGate) refers to sysctl.o(.emb_text) for SysCtlDelay
    main.o(i.main) refers to main.o(i.portBOutputSetup) for portBOutputSetup
    main.o(i.main) refers to main.o(i.portESetup) for portESetup
    main.o(i.main) refers to main.o(i.pwmSetup) for pwmSetup
    main.o(i.main) refers to tasks.o(i.xTaskCreate) for xTaskCreate
    main.o(i.main) refers to tasks.o(i.vTaskStartScheduler) for vTaskStartScheduler
    main.o(i.main) refers to main.o(.data) for trainHandle
    main.o(i.main) refers to main.o(i.trainCrossing) for trainCrossing
    main.o(i.main) refers to main.o(i.pedestrainCrossing) for pedestrainCrossing
    main.o(i.main) refers to main.o(i.northRedLight) for northRedLight
    main.o(i.main) refers to main.o(i.northGreenLight) for northGreenLight
    main.o(i.main) refers to main.o(i.stateHandler) for stateHandler
    main.o(i.northGreenLight) refers to tasks.o(i.vTaskDelay) for vTaskDelay
    main.o(i.northGreenLight) refers to main.o(.data) for ngreenf
    main.o(i.northRedLight) refers to tasks.o(i.vTaskDelay) for vTaskDelay
    main.o(i.northRedLight) refers to main.o(.data) for egreenf
    main.o(i.openGate) refers to pwm.o(i.PWMPulseWidthSet) for PWMPulseWidthSet
    main.o(i.openGate) refers to pwm.o(i.PWMOutputState) for PWMOutputState
    main.o(i.openGate) refers to sysctl.o(.emb_text) for SysCtlDelay
    main.o(i.pedestrainCrossing) refers to tasks.o(i.vTaskDelay) for vTaskDelay
    main.o(i.pedestrainCrossing) refers to main.o(.data) for predf
    main.o(i.pwmSetup) refers to sysctl.o(i.SysCtlPeripheralEnable) for SysCtlPeripheralEnable
    main.o(i.pwmSetup) refers to sysctl.o(i.SysCtlPWMClockSet) for SysCtlPWMClockSet
    main.o(i.pwmSetup) refers to gpio.o(i.GPIOPinConfigure) for GPIOPinConfigure
    main.o(i.pwmSetup) refers to gpio.o(i.GPIOPinTypePWM) for GPIOPinTypePWM
    main.o(i.pwmSetup) refers to pwm.o(i.PWMGenConfigure) for PWMGenConfigure
    main.o(i.pwmSetup) refers to pwm.o(i.PWMGenPeriodSet) for PWMGenPeriodSet
    main.o(i.pwmSetup) refers to pwm.o(i.PWMGenEnable) for PWMGenEnable
    main.o(i.siren) refers to pwm.o(i.PWMPulseWidthSet) for PWMPulseWidthSet
    main.o(i.stateHandler) refers to tasks.o(i.vTaskPrioritySet) for vTaskPrioritySet
    main.o(i.stateHandler) refers to main.o(i.siren) for siren
    main.o(i.stateHandler) refers to pwm.o(i.PWMOutputState) for PWMOutputState
    main.o(i.stateHandler) refers to main.o(i.openGate) for openGate
    main.o(i.stateHandler) refers to main.o(.data) for newState
    main.o(i.stateHandler) refers to tasks.o(i.vTaskDelay) for vTaskDelay
    main.o(i.trainCrossing) refers to main.o(i.siren) for siren
    main.o(i.trainCrossing) refers to main.o(i.closeGate) for closeGate
    main.o(i.trainCrossing) refers to pwm.o(i.PWMOutputState) for PWMOutputState
    main.o(i.trainCrossing) refers to tasks.o(i.vTaskDelay) for vTaskDelay
    main.o(i.trainCrossing) refers to main.o(.data) for trainf
    main.o(i.vApplicationIdleHook) refers to main.o(.data) for pdPressed
    startup_tm4c123.o(STACK) refers (Special) to heapauxi.o(.text) for __use_two_region_memory
    startup_tm4c123.o(HEAP) refers (Special) to heapauxi.o(.text) for __use_two_region_memory
    startup_tm4c123.o(RESET) refers (Special) to heapauxi.o(.text) for __use_two_region_memory
    startup_tm4c123.o(RESET) refers to startup_tm4c123.o(STACK) for __initial_sp
    startup_tm4c123.o(RESET) refers to startup_tm4c123.o(.text) for Reset_Handler
    startup_tm4c123.o(RESET) refers to port.o(.emb_text) for SVC_Handler
    startup_tm4c123.o(RESET) refers to port.o(i.SysTick_Handler) for SysTick_Handler
    startup_tm4c123.o(.text) refers (Special) to heapauxi.o(.text) for __use_two_region_memory
    startup_tm4c123.o(.text) refers to system_tm4c123.o(i.SystemInit) for SystemInit
    startup_tm4c123.o(.text) refers to __main.o(!!!main) for __main
    startup_tm4c123.o(.text) refers to startup_tm4c123.o(HEAP) for Heap_Mem
    startup_tm4c123.o(.text) refers to startup_tm4c123.o(STACK) for Stack_Mem
    system_tm4c123.o(i.SystemCoreClockUpdate) refers to system_tm4c123.o(i.getOscClk) for getOscClk
    system_tm4c123.o(i.SystemCoreClockUpdate) refers to system_tm4c123.o(.data) for SystemCoreClock
    heap_1.o(i.pvPortMalloc) refers to tasks.o(i.vTaskSuspendAll) for vTaskSuspendAll
    heap_1.o(i.pvPortMalloc) refers to tasks.o(i.xTaskResumeAll) for xTaskResumeAll
    heap_1.o(i.pvPortMalloc) refers to heap_1.o(.data) for pucAlignedHeap
    heap_1.o(i.pvPortMalloc) refers to heap_1.o(.bss) for ucHeap
    heap_1.o(i.vPortInitialiseBlocks) refers to heap_1.o(.data) for xNextFreeByte
[...]
    Removing pwm.o(i._PWMGenIntNumberGet), (224 bytes).
    Removing sysctl.o(i.SysCtlAltClkConfig), (12 bytes).
    Removing sysctl.o(i.SysCtlClockFreqSet), (712 bytes).
    Removing sysctl.o(i.SysCtlClockGet), (356 bytes).
    Removing sysctl.o(i.SysCtlClockOutConfig), (16 bytes).
    Removing sysctl.o(i.SysCtlClockSet), (288 bytes).
    Removing sysctl.o(i.SysCtlDeepSleep), (32 bytes).
    Removing sysctl.o(i.SysCtlDeepSleepClockConfigSet), (112 bytes).
    Removing sysctl.o(i.SysCtlDeepSleepClockSet), (12 bytes).
    Removing sysctl.o(i.SysCtlDeepSleepPowerSet), (12 bytes).
    Removing sysctl.o(i.SysCtlFlashSectorSizeGet), (56 bytes).
    Removing sysctl.o(i.SysCtlFlashSizeGet), (56 bytes).
    Removing sysctl.o(i.SysCtlGPIOAHBDisable), (28 bytes).
    Removing sysctl.o(i.SysCtlGPIOAHBEnable), (24 bytes).
    Removing sysctl.o(i.SysCtlIntClear), (12 bytes).
    Removing sysctl.o(i.SysCtlIntDisable), (16 bytes).
    Removing sysctl.o(i.SysCtlIntEnable), (16 bytes).
    Removing sysctl.o(i.SysCtlIntRegister), (20 bytes).
    Removing sysctl.o(i.SysCtlIntStatus), (16 bytes).
    Removing sysctl.o(i.SysCtlIntUnregister), (18 bytes).
    Removing sysctl.o(i.SysCtlLDODeepSleepGet), (12 bytes).
    Removing sysctl.o(i.SysCtlLDODeepSleepSet), (12 bytes).
    Removing sysctl.o(i.SysCtlLDOSleepGet), (12 bytes).
    Removing sysctl.o(i.SysCtlLDOSleepSet), (12 bytes).
    Removing sysctl.o(i.SysCtlMOSCConfigSet), (12 bytes).
    Removing sysctl.o(i.SysCtlNMIClear), (16 bytes).
    Removing sysctl.o(i.SysCtlNMIStatus), (12 bytes).
    Removing sysctl.o(i.SysCtlPIOSCCalibrate), (76 bytes).
    Removing sysctl.o(i.SysCtlPWMClockGet), (24 bytes).
    Removing sysctl.o(i.SysCtlPeripheralClockGating), (68 bytes).
    Removing sysctl.o(i.SysCtlPeripheralDeepSleepDisable), (40 bytes).
    Removing sysctl.o(i.SysCtlPeripheralDeepSleepEnable), (40 bytes).
    Removing sysctl.o(i.SysCtlPeripheralDisable), (40 bytes).
    Removing sysctl.o(i.SysCtlPeripheralPowerOff), (40 bytes).
    Removing sysctl.o(i.SysCtlPeripheralPowerOn), (40 bytes).
    Removing sysctl.o(i.SysCtlPeripheralPresent), (44 bytes).
    Removing sysctl.o(i.SysCtlPeripheralReady), (44 bytes).
    Removing sysctl.o(i.SysCtlPeripheralReset), (60 bytes).
    Removing sysctl.o(i.SysCtlPeripheralSleepDisable), (40 bytes).
    Removing sysctl.o(i.SysCtlPeripheralSleepEnable), (40 bytes).
    Removing sysctl.o(i.SysCtlReset), (16 bytes).
    Removing sysctl.o(i.SysCtlResetBehaviorGet), (12 bytes).
    Removing sysctl.o(i.SysCtlResetBehaviorSet), (12 bytes).
    Removing sysctl.o(i.SysCtlResetCauseClear), (16 bytes).
    Removing sysctl.o(i.SysCtlResetCauseGet), (12 bytes).
    Removing sysctl.o(i.SysCtlSRAMSizeGet), (16 bytes).
    Removing sysctl.o(i.SysCtlSleep), (4 bytes).
    Removing sysctl.o(i.SysCtlSleepPowerSet), (12 bytes).
    Removing sysctl.o(i.SysCtlUSBPLLDisable), (16 bytes).
    Removing sysctl.o(i.SysCtlUSBPLLEnable), (16 bytes).
    Removing sysctl.o(i.SysCtlVoltageEventClear), (16 bytes).
    Removing sysctl.o(i.SysCtlVoltageEventConfig), (12 bytes).
    Removing sysctl.o(i.SysCtlVoltageEventStatus), (12 bytes).
    Removing sysctl.o(.constdata), (452 bytes).
    Removing cpu.o(.emb_text), (38 bytes).
    Removing interrupt.o(i.IntDisable), (100 bytes).
    Removing interrupt.o(i.IntEnable), (100 bytes).
    Removing interrupt.o(i.IntIsEnabled), (96 bytes).
    Removing interrupt.o(i.IntMasterDisable), (14 bytes).
    Removing interrupt.o(i.IntMasterEnable), (14 bytes).
    Removing interrupt.o(i.IntPendClear), (68 bytes).
    Removing interrupt.o(i.IntPendSet), (84 bytes).
    Removing interrupt.o(i.IntPriorityGet), (28 bytes).
    Removing interrupt.o(i.IntPriorityGroupingGet), (36 bytes).
    Removing interrupt.o(i.IntPriorityGroupingSet), (28 bytes).
    Removing interrupt.o(i.IntPriorityMaskGet), (4 bytes).
    Removing interrupt.o(i.IntPriorityMaskSet), (4 bytes).
    Removing interrupt.o(i.IntPrioritySet), (40 bytes).
    Removing interrupt.o(i.IntRegister), (52 bytes).
    Removing interrupt.o(i.IntTrigger), (12 bytes).
    Removing interrupt.o(i.IntUnregister), (20 bytes).
    Removing interrupt.o(i._IntDefaultHandler), (2 bytes).
    Removing interrupt.o(.constdata), (268 bytes).
    Removing interrupt.o(vtable), (620 bytes).

237 unused section(s) (total 15116 bytes) removed from the image.

==============================================================================

Image Symbol Table

    Local Symbols

    Symbol Name                              Value     Ov Type        Size  Object(Section)

    RESET                                    0x00000000   Section      620  startup_tm4c123.o(RESET)
    ../clib/angel/boardlib.s                 0x00000000   Number         0  boardshut.o ABSOLUTE
    ../clib/angel/boardlib.s                 0x00000000   Number         0  boardinit1.o ABSOLUTE
    ../clib/angel/boardlib.s                 0x00000000   Number         0  boardinit2.o ABSOLUTE
    ../clib/angel/boardlib.s                 0x00000000   Number         0  boardinit3.o ABSOLUTE
    ../clib/angel/handlers.s                 0x00000000   Number         0  __scatter_copy.o ABSOLUTE
    ../clib/angel/handlers.s                 0x00000000   Number         0  __scatter_zi.o ABSOLUTE
    ../clib/angel/kernel.s                   0x00000000   Number         0  rtexit2.o ABSOLUTE
    ../clib/angel/kernel.s                   0x00000000   Number         0  __rtentry.o ABSOLUTE
    ../clib/angel/kernel.s                   0x00000000   Number         0  rtexit.o ABSOLUTE
    ../clib/angel/kernel.s                   0x00000000   Number         0  __rtentry4.o ABSOLUTE
    ../clib/angel/kernel.s                   0x00000000   Number         0  __rtentry2.o ABSOLUTE
    ../clib/angel/rt.s                       0x00000000   Number         0  rt_raise.o ABSOLUTE
    ../clib/angel/scatter.s                  0x00000000   Number         0  __scatter.o ABSOLUTE
    ../clib/angel/startup.s                  0x00000000   Number         0  __main.o ABSOLUTE
    ../clib/angel/sys.s                      0x00000000   Number         0  libspace.o ABSOLUTE
    ../clib/angel/sys.s                      0x00000000   Number         0  use_no_semi.o ABSOLUTE
    ../clib/angel/sys.s                      0x00000000   Number         0  indicate_semi.o ABSOLUTE
    ../clib/angel/sys.s                      0x00000000   Number         0  sys_stackheap_outer.o ABSOLUTE
    ../clib/angel/sysapp.c                   0x00000000   Number         0  sys_command.o ABSOLUTE
    ../clib/angel/sysapp.c                   0x00000000   Number         0  sys_wrch.o ABSOLUTE
    ../clib/angel/sysapp.c                   0x00000000   Number         0  sys_exit.o ABSOLUTE
    ../clib/armsys.c                         0x00000000   Number         0  no_argv.o ABSOLUTE
    ../clib/armsys.c                         0x00000000   Number         0  argv_veneer.o ABSOLUTE
    ../clib/armsys.c                         0x00000000   Number         0  _get_argv_nomalloc.o ABSOLUTE
    ../clib/armsys.c                         0x00000000   Number         0  argv_veneer.o ABSOLUTE
    ../clib/heapalloc.c                      0x00000000   Number         0  hrguard.o ABSOLUTE
    ../clib/heapaux.c                        0x00000000   Number         0  heapauxi.o ABSOLUTE
    ../clib/libinit.s                        0x00000000   Number         0  libshutdown2.o ABSOLUTE
    ../clib/libinit.s                        0x00000000   Number         0  libinit.o ABSOLUTE
    ../clib/libinit.s                        0x00000000   Number         0  libshutdown.o ABSOLUTE
    ../clib/libinit.s                        0x00000000   Number         0  libinit2.o ABSOLUTE
    ../clib/memcpset.s                       0x00000000   Number         0  rt_memclr_w.o ABSOLUTE
    ../clib/memcpset.s                       0x00000000   Number         0  rt_memcpy_v6.o ABSOLUTE
    ../clib/memcpset.s                       0x00000000   Number         0  rt_memclr.o ABSOLUTE
    ../clib/memcpset.s                       0x00000000   Number         0  rt_memcpy_w.o ABSOLUTE
    ../clib/memcpset.s                       0x00000000   Number         0  aeabi_memset.o ABSOLUTE
    ../clib/signal.c                         0x00000000   Number         0  defsig_segv_inner.o ABSOLUTE
    ../clib/signal.c                         0x00000000   Number         0  defsig_other.o ABSOLUTE
    ../clib/signal.c                         0x00000000   Number         0  __raise.o ABSOLUTE
    ../clib/signal.c                         0x00000000   Number         0  defsig_rtmem_outer.o ABSOLUTE
    ../clib/signal.c                         0x00000000   Number         0  defsig_rtmem_formal.o ABSOLUTE
    ../clib/signal.c                         0x00000000   Number         0  defsig_exit.o ABSOLUTE
    ../clib/signal.c                         0x00000000   Number         0  defsig_rtmem_inner.o ABSOLUTE
    ../clib/signal.c                         0x00000000   Number         0  defsig_general.o ABSOLUTE
    ../clib/signal.c                         0x00000000   Number         0  defsig_abrt_inner.o ABSOLUTE
    ../clib/signal.c                         0x00000000   Number         0  defsig_fpe_inner.o ABSOLUTE
    ../clib/signal.c                         0x00000000   Number         0  defsig_rtred_inner.o ABSOLUTE
    ../clib/signal.c                         0x00000000   Number         0  defsig_stak_inner.o ABSOLUTE
    ../clib/signal.c                         0x00000000   Number         0  defsig_pvfn_inner.o ABSOLUTE
    ../clib/signal.c                         0x00000000   Number         0  defsig_cppl_inner.o ABSOLUTE
    ../clib/signal.s                         0x00000000   Number         0  defsig.o ABSOLUTE
    ../clib/stdlib.c                         0x00000000   Number         0  exit.o ABSOLUTE
    ../clib/string.c                         0x00000000   Number         0  strlen.o ABSOLUTE
    ../fplib/fpinit.s                        0x00000000   Number         0  fpinit.o ABSOLUTE
    C:\Users\hossa\AppData\Local\Arm\Packs\ARM\CMSIS-FreeRTOS\10.3.0\CMSIS\RTOS2\FreeRTOS\Source\freertos_evr.c 0x00000000   Number         0  freertos_evr.o ABSOLUTE
    C:\Users\hossa\AppData\Local\Arm\Packs\ARM\CMSIS-FreeRTOS\10.3.0\Source\list.c 0x00000000   Number         0  list.o ABSOLUTE
    C:\Users\hossa\AppData\Local\Arm\Packs\ARM\CMSIS-FreeRTOS\10.3.0\Source\portable\MemMang\heap_1.c 0x00000000   Number         0  heap_1.o ABSOLUTE
    C:\Users\hossa\AppData\Local\Arm\Packs\ARM\CMSIS-FreeRTOS\10.3.0\Source\portable\RVDS\ARM_CM4F\port.c 0x00000000   Number         0  port.o ABSOLUTE
    C:\Users\hossa\AppData\Local\Arm\Packs\ARM\CMSIS-FreeRTOS\10.3.0\Source\queue.c 0x00000000   Number         0  queue.o ABSOLUTE
    C:\Users\hossa\AppData\Local\Arm\Packs\ARM\CMSIS-FreeRTOS\10.3.0\Source\tasks.c 0x00000000   Number         0  tasks.o ABSOLUTE
    C:\Users\hossa\AppData\Local\Arm\Packs\ARM\CMSIS-FreeRTOS\10.3.0\Source\timers.c 0x00000000   Number         0  timers.o ABSOLUTE
    C:\\Users\\hossa\\AppData\\Local\\Arm\\Packs\\ARM\\CMSIS-FreeRTOS\\10.3.0\\Source\\portable\\RVDS\\ARM_CM4F\\port.c 0x00000000   Number         0  port.o ABSOLUTE
    RTE\Device\TM4C123GH6PM\startup_TM4C123.s 0x00000000   Number         0  startup_tm4c123.o ABSOLUTE
    RTE\Device\TM4C123GH6PM\system_TM4C123.c 0x00000000   Number         0  system_tm4c123.o ABSOLUTE
    RTE\\Device\\TM4C123GH6PM\\system_TM4C123.c 0x00000000   Number         0  system_tm4c123.o ABSOLUTE
    cpu.c                                    0x00000000   Number         0  cpu.o ABSOLUTE
    cpu.c                                    0x00000000   Number         0  cpu.o ABSOLUTE
    dc.s                                     0x00000000   Number         0  dc.o ABSOLUTE
    gpio.c                                   0x00000000   Number         0  gpio.o ABSOLUTE
    interrupt.c                              0x00000000   Number         0  interrupt.o ABSOLUTE
    main.c                                   0x00000000   Number         0  main.o ABSOLUTE
    pwm.c                                    0x00000000   Number         0  pwm.o ABSOLUTE
    sysctl.c                                 0x00000000   Number         0  sysctl.o ABSOLUTE
    sysctl.c                                 0x00000000   Number         0  sysctl.o ABSOLUTE
    !!!main                                  0x0000026c   Section        8  __main.o(!!!main)
    !!!scatter                               0x00000274   Section       52  __scatter.o(!!!scatter)
    !!handler_copy                           0x000002a8   Section       26  __scatter_copy.o(!!handler_copy)
    !!handler_zi                             0x000002c4   Section       28  __scatter_zi.o(!!handler_zi)
    .ARM.Collect$$libinit$$00000000          0x000002e0   Section        2  libinit.o(.ARM.Collect$$libinit$$00000000)
    .ARM.Collect$$libinit$$00000001          0x000002e2   Section        4  libinit2.o(.ARM.Collect$$libinit$$00000001)
    .ARM.Collect$$libinit$$00000004          0x000002e6   Section        0  libinit2.o(.ARM.Collect$$libinit$$00000004)
    .ARM.Collect$$libinit$$0000000A          0x000002e6   Section        0  libinit2.o(.ARM.Collect$$libinit$$0000000A)
    .ARM.Collect$$libinit$$0000000C          0x000002e6   Section        0  libinit2.o(.ARM.Collect$$libinit$$0000000C)
    .ARM.Collect$$libinit$$0000000E          0x000002e6   Section        0  libinit2.o(.ARM.Collect$$libinit$$0000000E)
    .ARM.Collect$$libinit$$00000011          0x000002e6   Section        0  libinit2.o(.ARM.Collect$$libinit$$00000011)
    .ARM.Collect$$libinit$$00000013          0x000002e6   Section        0  libinit2.o(.ARM.Collect$$libinit$$00000013)
    .ARM.Collect$$libinit$$00000015          0x000002e6   Section        0  libinit2.o(.ARM.Collect$$libinit$$00000015)
    .ARM.Collect$$libinit$$00000017          0x000002e6   Section        0  libinit2.o(.ARM.Collect$$libinit$$00000017)
    .ARM.Collect$$libinit$$00000019          0x000002e6   Section        0  libinit2.o(.ARM.Collect$$libinit$$00000019)
    .ARM.Collect$$libinit$$0000001B          0x000002e6   Section        0  libinit2.o(.ARM.Collect$$libinit$$0000001B)
    .ARM.Collect$$libinit$$0000001D          0x000002e6   Section        0  libinit2.o(.ARM.Collect$$libinit$$0000001D)
    .ARM.Collect$$libinit$$0000001F          0x000002e6   Section        0  libinit2.o(.ARM.Collect$$libinit$$0000001F)
    .ARM.Collect$$libinit$$00000021          0x000002e6   Section        0  libinit2.o(.ARM.Collect$$libinit$$00000021)
    .ARM.Collect$$libinit$$00000023          0x000002e6   Section        0  libinit2.o(.ARM.Collect$$libinit$$00000023)
    .ARM.Collect$$libinit$$00000025          0x000002e6   Section        0  libinit2.o(.ARM.Collect$$libinit$$00000025)
    .ARM.Collect$$libinit$$0000002C          0x000002e6   Section        0  libinit2.o(.ARM.Collect$$libinit$$0000002C)
    .ARM.Collect$$libinit$$0000002E          0x000002e6   Section        0  libinit2.o(.ARM.Collect$$libinit$$0000002E)
    .ARM.Collect$$libinit$$00000030          0x000002e6   Section        0  libinit2.o(.ARM.Collect$$libinit$$00000030)
    .ARM.Collect$$libinit$$00000032          0x000002e6   Section        0  libinit2.o(.ARM.Collect$$libinit$$00000032)
    .ARM.Collect$$libinit$$00000033          0x000002e6   Section        2  libinit2.o(.ARM.Collect$$libinit$$00000033)
    .ARM.Collect$$libshutdown$$00000000      0x000002e8   Section        2  libshutdown.o(.ARM.Collect$$libshutdown$$00000000)
    .ARM.Collect$$libshutdown$$00000002      0x000002ea   Section        0  libshutdown2.o(.ARM.Collect$$libshutdown$$00000002)
    .ARM.Collect$$libshutdown$$00000004      0x000002ea   Section        0  libshutdown2.o(.ARM.Collect$$libshutdown$$00000004)
    .ARM.Collect$$libshutdown$$00000007      0x000002ea   Section        0  libshutdown2.o(.ARM.Collect$$libshutdown$$00000007)
    .ARM.Collect$$libshutdown$$0000000A      0x000002ea   Section        0  libshutdown2.o(.ARM.Collect$$libshutdown$$0000000A)
    .ARM.Collect$$libshutdown$$0000000C      0x000002ea   Section        0  libshutdown2.o(.ARM.Collect$$libshutdown$$0000000C)
    .ARM.Collect$$libshutdown$$0000000F      0x000002ea   Section        0  libshutdown2.o(.ARM.Collect$$libshutdown$$0000000F)
    .ARM.Collect$$libshutdown$$00000010      0x000002ea   Section        2  libshutdown2.o(.ARM.Collect$$libshutdown$$00000010)
    .ARM.Collect$$rtentry$$00000000          0x000002ec   Section        0  __rtentry.o(.ARM.Collect$$rtentry$$00000000)
    .ARM.Collect$$rtentry$$00000002          0x000002ec   Section        0  __rtentry2.o(.ARM.Collect$$rtentry$$00000002)
    .ARM.Collect$$rtentry$$00000004          0x000002ec   Section        6  __rtentry4.o(.ARM.Collect$$rtentry$$00000004)
    .ARM.Collect$$rtentry$$00000009          0x000002f2   Section        0  __rtentry2.o(.ARM.Collect$$rtentry$$00000009)
    .ARM.Collect$$rtentry$$0000000A          0x000002f2   Section        4  __rtentry2.o(.ARM.Collect$$rtentry$$0000000A)
    .ARM.Collect$$rtentry$$0000000C          0x000002f6   Section        0  __rtentry2.o(.ARM.Collect$$rtentry$$0000000C)
    .ARM.Collect$$rtentry$$0000000D          0x000002f6   Section        8  __rtentry2.o(.ARM.Collect$$rtentry$$0000000D)
    .ARM.Collect$$rtexit$$00000000           0x000002fe   Section        2  rtexit.o(.ARM.Collect$$rtexit$$00000000)
    .ARM.Collect$$rtexit$$00000002           0x00000300   Section        0  rtexit2.o(.ARM.Collect$$rtexit$$00000002)
    .ARM.Collect$$rtexit$$00000003           0x00000300   Section        4  rtexit2.o(.ARM.Collect$$rtexit$$00000003)
    .ARM.Collect$$rtexit$$00000004           0x00000304   Section        6  rtexit2.o(.ARM.Collect$$rtexit$$00000004)
    .emb_text                                0x0000030c   Section      190  port.o(.emb_text)
    $v0                                      0x0000030c   Number         0  port.o(.emb_text)
    .emb_text                                0x000003cc   Section        6  sysctl.o(.emb_text)
    $v0                                      0x000003cc   Number         0  sysctl.o(.emb_text)
    .text                                    0x000003d4   Section      276  startup_tm4c123.o(.text)
    $v0                                      0x000003d4   Number         0  startup_tm4c123.o(.text)
    .text                                    0x000004e8   Section      138  rt_memcpy_v6.o(.text)
    .text                                    0x00000572   Section       16  aeabi_memset.o(.text)
    .text                                    0x00000582   Section        0  heapauxi.o(.text)
    .text                                    0x00000588   Section      100  rt_memcpy_w.o(.text)
    .text                                    0x000005ec   Section       68  rt_memclr.o(.text)
    .text                                    0x00000630   Section       78  rt_memclr_w.o(.text)
    .text                                    0x0000067e   Section       74  sys_stackheap_outer.o(.text)
    .text                                    0x000006c8   Section        0  exit.o(.text)
    .text                                    0x000006dc   Section        8  libspace.o(.text)
    .text                                    0x000006e4   Section        0  sys_exit.o(.text)
    .text                                    0x000006f0   Section        2  use_no_semi.o(.text)
    .text                                    0x000006f2   Section        0  indicate_semi.o(.text)
    i.GPIODirModeSet                         0x000006f2   Section        0  gpio.o(i.GPIODirModeSet)
    i.GPIOPadConfigSet                       0x0000071a   Section        0  gpio.o(i.GPIOPadConfigSet)
    i.GPIOPinConfigure                       0x00000854   Section        0  gpio.o(i.GPIOPinConfigure)
    i.GPIOPinTypePWM                         0x0000089c   Section        0  gpio.o(i.GPIOPinTypePWM)
    i.PWMGenConfigure                        0x000008b8   Section        0  pwm.o(i.PWMGenConfigure)
    i.PWMGenEnable                           0x000008de   Section        0  pwm.o(i.PWMGenEnable)
    i.PWMGenPeriodSet                        0x000008e8   Section        0  pwm.o(i.PWMGenPeriodSet)
    i.PWMOutputState                         0x000008fa   Section        0  pwm.o(i.PWMOutputState)
    i.PWMPulseWidthSet                       0x0000090a   Section        0  pwm.o(i.PWMPulseWidthSet)
    i.SysCtlPWMClockSet                      0x0000092c   Section        0  sysctl.o(i.SysCtlPWMClockSet)
    i.SysCtlPeripheralEnable                 0x00000940   Section        0  sysctl.o(i.SysCtlPeripheralEnable)
    i.SysTick_Handler                        0x00000968   Section        0  port.o(i.SysTick_Handler)
    i.SystemInit                             0x0000099c   Section        0  system_tm4c123.o(i.SystemInit)
    i.closeGate                              0x00000a34   Section        0  main.o(i.closeGate)
    i.eTaskConfirmSleepModeStatus            0x00000a68   Section        0  tasks.o(i.eTaskConfirmSleepModeStatus)
    i.main                                   0x00000aa4   Section        0  main.o(i.main)
    i.northGreenLight                        0x00000b48   Section        0  main.o(i.northGreenLight)
    i.northRedLight                          0x00000b70   Section        0  main.o(i.northRedLight)
    i.openGate                               0x00000b98   Section        0  main.o(i.openGate)
    i.pedestrainCrossing                     0x00000bcc   Section        0  main.o(i.pedestrainCrossing)
    i.portBOutputSetup                       0x00000bf4   Section        0  main.o(i.portBOutputSetup)
    i.portESetup                             0x00000c2c   Section        0  main.o(i.portESetup)
    i.prvAddCurrentTaskToDelayedList         0x00000c7c   Section        0  tasks.o(i.prvAddCurrentTaskToDelayedList)
    prvAddCurrentTaskToDelayedList           0x00000c7d   Thumb Code   134  tasks.o(i.prvAddCurrentTaskToDelayedList)
    i.prvAddNewTaskToReadyList               0x00000d20   Section        0  tasks.o(i.prvAddNewTaskToReadyList)
    prvAddNewTaskToReadyList                 0x00000d21   Thumb Code   156  tasks.o(i.prvAddNewTaskToReadyList)
    i.prvCheckForValidListAndQueue           0x00000dd8   Section        0  timers.o(i.prvCheckForValidListAndQueue)
    prvCheckForValidListAndQueue             0x00000dd9   Thumb Code    56  timers.o(i.prvCheckForValidListAndQueue)
    i.prvCheckTasksWaitingTermination        0x00000e24   Section        0  tasks.o(i.prvCheckTasksWaitingTermination)
    prvCheckTasksWaitingTermination          0x00000e25   Thumb Code    60  tasks.o(i.prvCheckTasksWaitingTermination)
    i.prvCopyDataFromQueue                   0x00000e6c   Section        0  queue.o(i.prvCopyDataFromQueue)
    prvCopyDataFromQueue                     0x00000e6d   Thumb Code    42  queue.o(i.prvCopyDataFromQueue)
    i.prvCopyDataToQueue                     0x00000e96   Section        0  queue.o(i.prvCopyDataToQueue)
    prvCopyDataToQueue                       0x00000e97   Thumb Code   126  queue.o(i.prvCopyDataToQueue)
    i.prvDeleteTCB                           0x00000f14   Section        0  tasks.o(i.prvDeleteTCB)
    prvDeleteTCB                             0x00000f15   Thumb Code    18  tasks.o(i.prvDeleteTCB)
    i.prvGetExpectedIdleTime                 0x00000f28   Section        0  tasks.o(i.prvGetExpectedIdleTime)
    prvGetExpectedIdleTime                   0x00000f29   Thumb Code    56  tasks.o(i.prvGetExpectedIdleTime)
    i.prvGetNextExpireTime                   0x00000f74   Section        0  timers.o(i.prvGetNextExpireTime)
    prvGetNextExpireTime                     0x00000f75   Thumb Code    36  timers.o(i.prvGetNextExpireTime)
    i.prvIdleTask                            0x00000f9c   Section        0  tasks.o(i.prvIdleTask)
    prvIdleTask                              0x00000f9d   Thumb Code   112  tasks.o(i.prvIdleTask)
    i.prvInitialiseNewQueue                  0x0000101c   Section        0  queue.o(i.prvInitialiseNewQueue)
    prvInitialiseNewQueue                    0x0000101d   Thumb Code    46  queue.o(i.prvInitialiseNewQueue)
    i.prvInitialiseNewTask                   0x0000104a   Section        0  tasks.o(i.prvInitialiseNewTask)
    prvInitialiseNewTask                     0x0000104b   Thumb Code   194  tasks.o(i.prvInitialiseNewTask)
    i.prvInitialiseTaskLists                 0x0000110c   Section        0  tasks.o(i.prvInitialiseTaskLists)
    prvInitialiseTaskLists                   0x0000110d   Thumb Code    70  tasks.o(i.prvInitialiseTaskLists)
    i.prvInsertTimerInActiveList             0x00001174   Section        0  timers.o(i.prvInsertTimerInActiveList)
    prvInsertTimerInActiveList               0x00001175   Thumb Code    80  timers.o(i.prvInsertTimerInActiveList)
    i.prvIsQueueEmpty                        0x000011cc   Section        0  queue.o(i.prvIsQueueEmpty)
    prvIsQueueEmpty                          0x000011cd   Thumb Code    26  queue.o(i.prvIsQueueEmpty)
    i.prvIsQueueFull                         0x000011e6   Section        0  queue.o(i.prvIsQueueFull)
    prvIsQueueFull                           0x000011e7   Thumb Code    30  queue.o(i.prvIsQueueFull)
    i.prvNotifyQueueSetContainer             0x00001204   Section        0  queue.o(i.prvNotifyQueueSetContainer)
    prvNotifyQueueSetContainer               0x00001205   Thumb Code   144  queue.o(i.prvNotifyQueueSetContainer)
    i.prvProcessExpiredTimer                 0x00001294   Section        0  timers.o(i.prvProcessExpiredTimer)
    prvProcessExpiredTimer                   0x00001295   Thumb Code   110  timers.o(i.prvProcessExpiredTimer)
    i.prvProcessReceivedCommands             0x00001308   Section        0  timers.o(i.prvProcessReceivedCommands)
    prvProcessReceivedCommands               0x00001309   Thumb Code   350  timers.o(i.prvProcessReceivedCommands)
    i.prvProcessTimerOrBlockTask             0x0000146c   Section        0  timers.o(i.prvProcessTimerOrBlockTask)
    prvProcessTimerOrBlockTask               0x0000146d   Thumb Code   102  timers.o(i.prvProcessTimerOrBlockTask)
    i.prvResetNextTaskUnblockTime            0x000014e0   Section        0  tasks.o(i.prvResetNextTaskUnblockTime)
    prvResetNextTaskUnblockTime              0x000014e1   Thumb Code    42  tasks.o(i.prvResetNextTaskUnblockTime)
    i.prvSampleTimeNow                       0x00001514   Section        0  timers.o(i.prvSampleTimeNow)
    prvSampleTimeNow                         0x00001515   Thumb Code    40  timers.o(i.prvSampleTimeNow)
    i.prvSwitchTimerLists                    0x00001540   Section        0  timers.o(i.prvSwitchTimerLists)
    prvSwitchTimerLists                      0x00001541   Thumb Code   154  timers.o(i.prvSwitchTimerLists)
    i.prvTaskExitError                       0x000015e4   Section        0  port.o(i.prvTaskExitError)
    prvTaskExitError                         0x000015e5   Thumb Code    60  port.o(i.prvTaskExitError)
    i.prvTimerTask                           0x00001624   Section        0  timers.o(i.prvTimerTask)
    prvTimerTask                             0x00001625   Thumb Code    26  timers.o(i.prvTimerTask)
    i.prvUnlockQueue                         0x0000163e   Section        0  queue.o(i.prvUnlockQueue)
    prvUnlockQueue                           0x0000163f   Thumb Code   146  queue.o(i.prvUnlockQueue)
    i.pvPortMalloc                           0x000016d0   Section        0  heap_1.o(i.pvPortMalloc)
    i.pwmSetup                               0x00001740   Section        0  main.o(i.pwmSetup)
    i.pxPortInitialiseStack                  0x000017f4   Section        0  port.o(i.pxPortInitialiseStack)
    i.siren                                  0x00001820   Section        0  main.o(i.siren)
    i.stateHandler                           0x00001874   Section        0  main.o(i.stateHandler)
    i.trainCrossing                          0x00001dc0   Section        0  main.o(i.trainCrossing)
    i.uxListRemove                           0x00001dfc   Section        0  list.o(i.uxListRemove)
    i.vApplicationIdleHook                   0x00001e24   Section        0  main.o(i.vApplicationIdleHook)
    i.vListInitialise                        0x00001e70   Section        0  list.o(i.vListInitialise)
    i.vListInitialiseItem                    0x00001e8a   Section        0  list.o(i.vListInitialiseItem)
    i.vListInsert                            0x00001e90   Section        0  list.o(i.vListInsert)
    i.vListInsertEnd                         0x00001ec4   Section        0  list.o(i.vListInsertEnd)
    i.vPortEnterCritical                     0x00001edc   Section        0  port.o(i.vPortEnterCritical)
    i.vPortExitCritical                      0x00001f30   Section        0  port.o(i.vPortExitCritical)
    i.vPortFree                              0x00001f6c   Section        0  heap_1.o(i.vPortFree)
    i.vPortSetupTimerInterrupt               0x00001f90   Section        0  port.o(i.vPortSetupTimerInterrupt)
    i.vPortSuppressTicksAndSleep             0x00001ff8   Section        0  port.o(i.vPortSuppressTicksAndSleep)
    i.vPortValidateInterruptPriority         0x00002144   Section        0  port.o(i.vPortValidateInterruptPriority)
    i.vQueueWaitForMessageRestricted         0x000021bc   Section        0  queue.o(i.vQueueWaitForMessageRestricted)
    i.vTaskDelay                             0x00002208   Section        0  tasks.o(i.vTaskDelay)
    i.vTaskInternalSetTimeOutState           0x00002264   Section        0  tasks.o(i.vTaskInternalSetTimeOutState)
    i.vTaskMissedYield                       0x0000227c   Section        0  tasks.o(i.vTaskMissedYield)
    i.vTaskPlaceOnEventList                  0x00002288   Section        0  tasks.o(i.vTaskPlaceOnEventList)
    i.vTaskPlaceOnEventListRestricted        0x000022c0   Section        0  tasks.o(i.vTaskPlaceOnEventListRestricted)
    i.vTaskPrioritySet                       0x00002300   Section        0  tasks.o(i.vTaskPrioritySet)
    i.vTaskStartScheduler                    0x00002414   Section        0  tasks.o(i.vTaskStartScheduler)
    i.vTaskStepTick                          0x000024a8   Section        0  tasks.o(i.vTaskStepTick)
    i.vTaskSuspendAll                        0x000024e8   Section        0  tasks.o(i.vTaskSuspendAll)
    i.vTaskSwitchContext                     0x000024f8   Section        0  tasks.o(i.vTaskSwitchContext)
    i.xPortStartScheduler                    0x00002584   Section        0  port.o(i.xPortStartScheduler)
    i.xQueueGenericCreate                    0x000026ec   Section        0  queue.o(i.xQueueGenericCreate)
    i.xQueueGenericReset                     0x00002748   Section        0  queue.o(i.xQueueGenericReset)
    i.xQueueGenericSend                      0x000027e0   Section        0  queue.o(i.xQueueGenericSend)
    i.xQueueGenericSendFromISR               0x000029b8   Section        0  queue.o(i.xQueueGenericSendFromISR)
    i.xQueueReceive                          0x00002ac0   Section        0  queue.o(i.xQueueReceive)
    i.xTaskCheckForTimeOut                   0x00002c28   Section        0  tasks.o(i.xTaskCheckForTimeOut)
    i.xTaskCreate                            0x00002cd0   Section        0  tasks.o(i.xTaskCreate)
    i.xTaskGetSchedulerState                 0x00002d30   Section        0  tasks.o(i.xTaskGetSchedulerState)
    i.xTaskGetTickCount                      0x00002d50   Section        0  tasks.o(i.xTaskGetTickCount)
    i.xTaskIncrementTick                     0x00002d5c   Section        0  tasks.o(i.xTaskIncrementTick)
    i.xTaskPriorityDisinherit                0x00002ea4   Section        0  tasks.o(i.xTaskPriorityDisinherit)
    i.xTaskRemoveFromEventList               0x00002f6c   Section        0  tasks.o(i.xTaskRemoveFromEventList)
    i.xTaskResumeAll                         0x00003008   Section        0  tasks.o(i.xTaskResumeAll)
    i.xTimerCreateTimerTask                  0x0000310c   Section        0  timers.o(i.xTimerCreateTimerTask)
    i.xTimerGenericCommand                   0x00003160   Section        0  timers.o(i.xTimerGenericCommand)
    x$fpl$fpinit                             0x000031e4   Section       10  fpinit.o(x$fpl$fpinit)
    $v0                                      0x000031e4   Number         0  fpinit.o(x$fpl$fpinit)
    .constdata                               0x000031f0   Section      528  gpio.o(.constdata)
    g_ppui32GPIOIntMapBlizzard               0x000031f0   Data         192  gpio.o(.constdata)
    g_ppui32GPIOIntMapSnowflake              0x000032b0   Data         192  gpio.o(.constdata)
    g_pui32GPIOBaseAddrs                     0x00003370   Data         144  gpio.o(.constdata)
    .data                                    0x20000000   Section       36  main.o(.data)
    counter                                  0x2000001c   Data           4  main.o(.data)
    trainCounter                             0x20000020   Data           4  main.o(.data)
    .data                                    0x20000024   Section        4  system_tm4c123.o(.data)
    .data                                    0x20000028   Section        8  heap_1.o(.data)
    xNextFreeByte                            0x20000028   Data           4  heap_1.o(.data)
    pucAlignedHeap                           0x2000002c   Data           4  heap_1.o(.data)
    .data                                    0x20000030   Section       24  port.o(.data)
    uxCriticalNesting                        0x20000030   Data           4  port.o(.data)
    ulTimerCountsForOneTick                  0x20000034   Data           4  port.o(.data)
    xMaximumPossibleSuppressedTicks          0x20000038   Data           4  port.o(.data)
    ulStoppedTimerCompensation               0x2000003c   Data           4  port.o(.data)
    ucMaxSysCallPriority                     0x20000040   Data           1  port.o(.data)
    ulMaxPRIGROUPValue                       0x20000044   Data           4  port.o(.data)
    .data                                    0x20000048   Section       60  tasks.o(.data)
    pxDelayedTaskList                        0x2000004c   Data           4  tasks.o(.data)
    pxOverflowDelayedTaskList                0x20000050   Data           4  tasks.o(.data)
    uxDeletedTasksWaitingCleanUp             0x20000054   Data           4  tasks.o(.data)
    uxCurrentNumberOfTasks                   0x20000058   Data           4  tasks.o(.data)
    xTickCount                               0x2000005c   Data           4  tasks.o(.data)
    uxTopReadyPriority                       0x20000060   Data           4  tasks.o(.data)
    xSchedulerRunning                        0x20000064   Data           4  tasks.o(.data)
    uxPendedTicks                            0x20000068   Data           4  tasks.o(.data)
    xYieldPending                            0x2000006c   Data           4  tasks.o(.data)
    xNumOfOverflows                          0x20000070   Data           4  tasks.o(.data)
    uxTaskNumber                             0x20000074   Data           4  tasks.o(.data)
    xNextTaskUnblockTime                     0x20000078   Data           4  tasks.o(.data)
    xIdleTaskHandle                          0x2000007c   Data           4  tasks.o(.data)
    uxSchedulerSuspended                     0x20000080   Data           4  tasks.o(.data)
    .data                                    0x20000084   Section       20  timers.o(.data)
    pxCurrentTimerList                       0x20000084   Data           4  timers.o(.data)
    pxOverflowTimerList                      0x20000088   Data           4  timers.o(.data)
    xTimerQueue                              0x2000008c   Data           4  timers.o(.data)
    xTimerTaskHandle                         0x20000090   Data           4  timers.o(.data)
    xLastTime                                0x20000094   Data           4  timers.o(.data)
    .bss                                     0x20000098   Section     8192  heap_1.o(.bss)
    ucHeap                                   0x20000098   Data        8192  heap_1.o(.bss)
    .bss                                     0x20002098   Section      240  tasks.o(.bss)
    pxReadyTasksLists                        0x20002098   Data         140  tasks.o(.bss)
    xDelayedTaskList1                        0x20002124   Data          20  tasks.o(.bss)
    xDelayedTaskList2                        0x20002138   Data          20  tasks.o(.bss)
    xPendingReadyList                        0x2000214c   Data          20  tasks.o(.bss)
    xTasksWaitingTermination                 0x20002160   Data          20  tasks.o(.bss)
    xSuspendedTaskList                       0x20002174   Data          20  tasks.o(.bss)
    .bss                                     0x20002188   Section       40  timers.o(.bss)
    xActiveTimerList1                        0x20002188   Data          20  timers.o(.bss)
    xActiveTimerList2                        0x2000219c   Data          20  timers.o(.bss)
    .bss                                     0x200021b0   Section       96  libspace.o(.bss)
    HEAP                                     0x20002210   Section        0  startup_tm4c123.o(HEAP)
    STACK                                    0x20002210   Section      512  startup_tm4c123.o(STACK)
    Heap_Mem                                 0x20002210   Data           0  startup_tm4c123.o(HEAP)
    Stack_Mem                                0x20002210   Data         512  startup_tm4c123.o(STACK)
    __initial_sp                             0x20002410   Data           0  startup_tm4c123.o(STACK)

    Global Symbols

    Symbol Name                              Value     Ov Type        Size  Object(Section)

    BuildAttributes$$THM_ISAv4$E$P$D$K$B$S$7EM$VFPi3$EXTD16$VFPS$VFMA$PE$A:L22UL41UL21$X:L11$S22US41US21$IEEE1$IW$USESV6$~STKCKD$USESV7$~SHL$OTIME$ROPI$EBA8$UX$STANDARDLIB$REQ8$PRES8$EABIv2 0x00000000   Number         0  anon$$obj.o ABSOLUTE
    __ARM_use_no_argv                        0x00000000   Number         0  main.o ABSOLUTE
    __Vectors                                0x00000000   Data           4  startup_tm4c123.o(RESET)
    __ARM_exceptions_init                     - Undefined Weak Reference
    __alloca_initialize                       - Undefined Weak Reference
    __arm_preinit_                            - Undefined Weak Reference
    __cpp_initialize__aeabi_                  - Undefined Weak Reference
    __cxa_finalize                            - Undefined Weak Reference
    __rt_locale                               - Undefined Weak Reference
    __sigvec_lookup                           - Undefined Weak Reference
    _atexit_init                              - Undefined Weak Reference
    _call_atexit_fns                          - Undefined Weak Reference
    _clock_init                               - Undefined Weak Reference
    _fp_trap_init                             - Undefined Weak Reference
    _fp_trap_shutdown                         - Undefined Weak Reference
    _get_lc_collate                           - Undefined Weak Reference
    _get_lc_ctype                             - Undefined Weak Reference
    _get_lc_monetary                          - Undefined Weak Reference
    _get_lc_numeric                           - Undefined Weak Reference
    _get_lc_time                              - Undefined Weak Reference
    _getenv_init                              - Undefined Weak Reference
    _handle_redirection                       - Undefined Weak Reference
    _init_alloc                               - Undefined Weak Reference
    _init_user_alloc                          - Undefined Weak Reference
    _initio                                   - Undefined Weak Reference
    _rand_init                                - Undefined Weak Reference
    _signal_finish                            - Undefined Weak Reference
    _signal_init                              - Undefined Weak Reference
    _terminate_alloc                          - Undefined Weak Reference
    _terminate_user_alloc                     - Undefined Weak Reference
    _terminateio                              - Undefined Weak Reference
    __Vectors_End                            0x0000026c   Data           0  startup_tm4c123.o(RESET)
    __Vectors_Size                           0x0000026c   Number         0  startup_tm4c123.o ABSOLUTE
    __main                                   0x0000026d   Thumb Code     8  __main.o(!!!main)
    __scatterload                            0x00000275   Thumb Code     0  __scatter.o(!!!scatter)
    __scatterload_rt2                        0x00000275   Thumb Code    44  __scatter.o(!!!scatter)
    __scatterload_rt2_thumb_only             0x00000275   Thumb Code     0  __scatter.o(!!!scatter)
    __scatterload_null                       0x00000283   Thumb Code     0  __scatter.o(!!!scatter)
    __scatterload_copy                       0x000002a9   Thumb Code    26  __scatter_copy.o(!!handler_copy)
    __scatterload_zeroinit                   0x000002c5   Thumb Code    28  __scatter_zi.o(!!handler_zi)
    __rt_lib_init                            0x000002e1   Thumb Code     0  libinit.o(.ARM.Collect$$libinit$$00000000)
    __rt_lib_init_fp_1                       0x000002e3   Thumb Code     0  libinit2.o(.ARM.Collect$$libinit$$00000001)
    __rt_lib_init_alloca_1                   0x000002e7   Thumb Code     0  libinit2.o(.ARM.Collect$$libinit$$0000002E)
    __rt_lib_init_argv_1                     0x000002e7   Thumb Code     0  libinit2.o(.ARM.Collect$$libinit$$0000002C)
    __rt_lib_init_atexit_1                   0x000002e7   Thumb Code     0  libinit2.o(.ARM.Collect$$libinit$$0000001B)
    __rt_lib_init_clock_1                    0x000002e7   Thumb Code     0  libinit2.o(.ARM.Collect$$libinit$$00000021)
    __rt_lib_init_cpp_1                      0x000002e7   Thumb Code     0  libinit2.o(.ARM.Collect$$libinit$$00000032)
    __rt_lib_init_exceptions_1               0x000002e7   Thumb Code     0  libinit2.o(.ARM.Collect$$libinit$$00000030)
    __rt_lib_init_fp_trap_1                  0x000002e7   Thumb Code     0  libinit2.o(.ARM.Collect$$libinit$$0000001F)
    __rt_lib_init_getenv_1                   0x000002e7   Thumb Code     0  libinit2.o(.ARM.Collect$$libinit$$00000023)
    __rt_lib_init_heap_1                     0x000002e7   Thumb Code     0  libinit2.o(.ARM.Collect$$libinit$$0000000A)
    __rt_lib_init_lc_collate_1               0x000002e7   Thumb Code     0  libinit2.o(.ARM.Collect$$libinit$$00000011)
    __rt_lib_init_lc_ctype_1                 0x000002e7   Thumb Code     0  libinit2.o(.ARM.Collect$$libinit$$00000013)
    __rt_lib_init_lc_monetary_1              0x000002e7   Thumb Code     0  libinit2.o(.ARM.Collect$$libinit$$00000015)
    __rt_lib_init_lc_numeric_1               0x000002e7   Thumb Code     0  libinit2.o(.ARM.Collect$$libinit$$00000017)
    __rt_lib_init_lc_time_1                  0x000002e7   Thumb Code     0  libinit2.o(.ARM.Collect$$libinit$$00000019)
    __rt_lib_init_preinit_1                  0x000002e7   Thumb Code     0  libinit2.o(.ARM.Collect$$libinit$$00000004)
    __rt_lib_init_rand_1                     0x000002e7   Thumb Code     0  libinit2.o(.ARM.Collect$$libinit$$0000000E)
    __rt_lib_init_return                     0x000002e7   Thumb Code     0  libinit2.o(.ARM.Collect$$libinit$$00000033)
    __rt_lib_init_signal_1                   0x000002e7   Thumb Code     0  libinit2.o(.ARM.Collect$$libinit$$0000001D)
    __rt_lib_init_stdio_1                    0x000002e7   Thumb Code     0  libinit2.o(.ARM.Collect$$libinit$$00000025)
    __rt_lib_init_user_alloc_1               0x000002e7   Thumb Code     0  libinit2.o(.ARM.Collect$$libinit$$0000000C)
    __rt_lib_shutdown                        0x000002e9   Thumb Code     0  libshutdown.o(.ARM.Collect$$libshutdown$$00000000)
    __rt_lib_shutdown_cpp_1                  0x000002eb   Thumb Code     0  libshutdown2.o(.ARM.Collect$$libshutdown$$00000002)
    __rt_lib_shutdown_fp_trap_1              0x000002eb   Thumb Code     0  libshutdown2.o(.ARM.Collect$$libshutdown$$00000007)
    __rt_lib_shutdown_heap_1                 0x000002eb   Thumb Code     0  libshutdown2.o(.ARM.Collect$$libshutdown$$0000000F)
    __rt_lib_shutdown_return                 0x000002eb   Thumb Code     0  libshutdown2.o(.ARM.Collect$$libshutdown$$00000010)
    __rt_lib_shutdown_signal_1               0x000002eb   Thumb Code     0  libshutdown2.o(.ARM.Collect$$libshutdown$$0000000A)
    __rt_lib_shutdown_stdio_1                0x000002eb   Thumb Code     0  libshutdown2.o(.ARM.Collect$$libshutdown$$00000004)
    __rt_lib_shutdown_user_alloc_1           0x000002eb   Thumb Code     0  libshutdown2.o(.ARM.Collect$$libshutdown$$0000000C)
    __rt_entry                               0x000002ed   Thumb Code     0  __rtentry.o(.ARM.Collect$$rtentry$$00000000)
    __rt_entry_presh_1                       0x000002ed   Thumb Code     0  __rtentry2.o(.ARM.Collect$$rtentry$$00000002)
    __rt_entry_sh                            0x000002ed   Thumb Code     0  __rtentry4.o(.ARM.Collect$$rtentry$$00000004)
    __rt_entry_li                            0x000002f3   Thumb Code     0  __rtentry2.o(.ARM.Collect$$rtentry$$0000000A)
    __rt_entry_postsh_1                      0x000002f3   Thumb Code     0  __rtentry2.o(.ARM.Collect$$rtentry$$00000009)
    __rt_entry_main                          0x000002f7   Thumb Code     0  __rtentry2.o(.ARM.Collect$$rtentry$$0000000D)
    __rt_entry_postli_1                      0x000002f7   Thumb Code     0  __rtentry2.o(.ARM.Collect$$rtentry$$0000000C)
    __rt_exit                                0x000002ff   Thumb Code     0  rtexit.o(.ARM.Collect$$rtexit$$00000000)
    __rt_exit_ls                             0x00000301   Thumb Code     0  rtexit2.o(.ARM.Collect$$rtexit$$00000003)
    __rt_exit_prels_1                        0x00000301   Thumb Code     0  rtexit2.o(.ARM.Collect$$rtexit$$00000002)
    __rt_exit_exit                           0x00000305   Thumb Code     0  rtexit2.o(.ARM.Collect$$rtexit$$00000004)
    SVC_Handler                              0x0000030d   Thumb Code    28  port.o(.emb_text)
    __asm___6_port_c_39a90d8d__prvStartFirstTask 0x0000032d   Thumb Code    36  port.o(.emb_text)
    __asm___6_port_c_39a90d8d__prvEnableVFP  0x00000355   Thumb Code    16  port.o(.emb_text)
    PendSV_Handler                           0x00000369   Thumb Code    88  port.o(.emb_text)
    vPortGetIPSR                             0x000003c5   Thumb Code     6  port.o(.emb_text)
    SysCtlDelay                              0x000003cd   Thumb Code     6  sysctl.o(.emb_text)
    Reset_Handler                            0x000003d5   Thumb Code     8  startup_tm4c123.o(.text)
    NMI_Handler                              0x000003dd   Thumb Code     2  startup_tm4c123.o(.text)
    HardFault_Handler                        0x000003df   Thumb Code     2  startup_tm4c123.o(.text)
    MemManage_Handler                        0x000003e1   Thumb Code     2  startup_tm4c123.o(.text)
    BusFault_Handler                         0x000003e3   Thumb Code     2  startup_tm4c123.o(.text)
    UsageFault_Handler                       0x000003e5   Thumb Code     2  startup_tm4c123.o(.text)
    DebugMon_Handler                         0x000003e9   Thumb Code     2  startup_tm4c123.o(.text)
    GPIOA_Handler                            0x000003ef   Thumb Code     2  startup_tm4c123.o(.text)
    GPIOB_Handler                            0x000003f1   Thumb Code     2  startup_tm4c123.o(.text)
    GPIOC_Handler                            0x000003f3   Thumb Code     2  startup_tm4c123.o(.text)
    GPIOD_Handler                            0x000003f5   Thumb Code     2  startup_tm4c123.o(.text)
    GPIOE_Handler                            0x000003f7   Thumb Code     2  startup_tm4c123.o(.text)
    UART0_Handler                            0x000003f9   Thumb Code     2  startup_tm4c123.o(.text)
    UART1_Handler                            0x000003fb   Thumb Code     2  startup_tm4c123.o(.text)
    SSI0_Handler                             0x000003fd   Thumb Code     2  startup_tm4c123.o(.text)
    I2C0_Handler                             0x000003ff   Thumb Code     2  startup_tm4c123.o(.text)
    PMW0_FAULT_Handler                       0x00000401   Thumb Code     2  startup_tm4c123.o(.text)
    PWM0_0_Handler                           0x00000403   Thumb Code     2  startup_tm4c123.o(.text)
    PWM0_1_Handler                           0x00000405   Thumb Code     2  startup_tm4c123.o(.text)
    PWM0_2_Handler                           0x00000407   Thumb Code     2  startup_tm4c123.o(.text)
    QEI0_Handler                             0x00000409   Thumb Code     2  startup_tm4c123.o(.text)
    ADC0SS0_Handler                          0x0000040b   Thumb Code     2  startup_tm4c123.o(.text)
    ADC0SS1_Handler                          0x0000040d   Thumb Code     2  startup_tm4c123.o(.text)
    ADC0SS2_Handler                          0x0000040f   Thumb Code     2  startup_tm4c123.o(.text)
    ADC0SS3_Handler                          0x00000411   Thumb Code     2  startup_tm4c123.o(.text)
    WDT0_Handler                             0x00000413   Thumb Code     2  startup_tm4c123.o(.text)
    TIMER0A_Handler                          0x00000415   Thumb Code     2  startup_tm4c123.o(.text)
    TIMER0B_Handler                          0x00000417   Thumb Code     2  startup_tm4c123.o(.text)
    TIMER1A_Handler                          0x00000419   Thumb Code     2  startup_tm4c123.o(.text)
    TIMER1B_Handler                          0x0000041b   Thumb Code     2  startup_tm4c123.o(.text)
    TIMER2A_Handler                          0x0000041d   Thumb Code     2  startup_tm4c123.o(.text)
    TIMER2B_Handler                          0x0000041f   Thumb Code     2  startup_tm4c123.o(.text)
    COMP0_Handler                            0x00000421   Thumb Code     2  startup_tm4c123.o(.text)
    COMP1_Handler                            0x00000423   Thumb Code     2  startup_tm4c123.o(.text)
    COMP2_Handler                            0x00000425   Thumb Code     2  startup_tm4c123.o(.text)
    SYSCTL_Handler                           0x00000427   Thumb Code     2  startup_tm4c123.o(.text)
    FLASH_Handler                            0x00000429   Thumb Code     2  startup_tm4c123.o(.text)
    GPIOF_Handler                            0x0000042b   Thumb Code     2  startup_tm4c123.o(.text)
    GPIOG_Handler                            0x0000042d   Thumb Code     2  startup_tm4c123.o(.text)
    GPIOH_Handler                            0x0000042f   Thumb Code     2  startup_tm4c123.o(.text)
    UART2_Handler                            0x00000431   Thumb Code     2  startup_tm4c123.o(.text)
    SSI1_Handler                             0x00000433   Thumb Code     2  startup_tm4c123.o(.text)
    TIMER3A_Handler                          0x00000435   Thumb Code     2  startup_tm4c123.o(.text)
    TIMER3B_Handler                          0x00000437   Thumb Code     2  startup_tm4c123.o(.text)
    I2C1_Handler                             0x00000439   Thumb Code     2  startup_tm4c123.o(.text)
    QEI1_Handler                             0x0000043b   Thumb Code     2  startup_tm4c123.o(.text)
    CAN0_Handler                             0x0000043d   Thumb Code     2  startup_tm4c123.o(.text)
    CAN1_Handler                             0x0000043f   Thumb Code     2  startup_tm4c123.o(.text)
    CAN2_Handler                             0x00000441   Thumb Code     2  startup_tm4c123.o(.text)
    HIB_Handler                              0x00000443   Thumb Code     2  startup_tm4c123.o(.text)
    USB0_Handler                             0x00000445   Thumb Code     2  startup_tm4c123.o(.text)
    PWM0_3_Handler                           0x00000447   Thumb Code     2  startup_tm4c123.o(.text)
    UDMA_Handler                             0x00000449   Thumb Code     2  startup_tm4c123.o(.text)
    UDMAERR_Handler                          0x0000044b   Thumb Code     2  startup_tm4c123.o(.text)
    ADC1SS0_Handler                          0x0000044d   Thumb Code     2  startup_tm4c123.o(.text)
    ADC1SS1_Handler                          0x0000044f   Thumb Code     2  startup_tm4c123.o(.text)
    ADC1SS2_Handler                          0x00000451   Thumb Code     2  startup_tm4c123.o(.text)
    ADC1SS3_Handler                          0x00000453   Thumb Code     2  startup_tm4c123.o(.text)
    GPIOJ_Handler                            0x00000455   Thumb Code     2  startup_tm4c123.o(.text)
    GPIOK_Handler                            0x00000457   Thumb Code     2  startup_tm4c123.o(.text)
    GPIOL_Handler                            0x00000459   Thumb Code     2  startup_tm4c123.o(.text)
    SSI2_Handler                             0x0000045b   Thumb Code     2  startup_tm4c123.o(.text)
    SSI3_Handler                             0x0000045d   Thumb Code     2  startup_tm4c123.o(.text)
    UART3_Handler                            0x0000045f   Thumb Code     2  startup_tm4c123.o(.text)
    UART4_Handler                            0x00000461   Thumb Code     2  startup_tm4c123.o(.text)
    UART5_Handler                            0x00000463   Thumb Code     2  startup_tm4c123.o(.text)
    UART6_Handler                            0x00000465   Thumb Code     2  startup_tm4c123.o(.text)
    UART7_Handler                            0x00000467   Thumb Code     2  startup_tm4c123.o(.text)
    I2C2_Handler                             0x00000469   Thumb Code     2  startup_tm4c123.o(.text)
    I2C3_Handler                             0x0000046b   Thumb Code     2  startup_tm4c123.o(.text)
    TIMER4A_Handler                          0x0000046d   Thumb Code     2  startup_tm4c123.o(.text)
    TIMER4B_Handler                          0x0000046f   Thumb Code     2  startup_tm4c123.o(.text)
    TIMER5A_Handler                          0x00000471   Thumb Code     2  startup_tm4c123.o(.text)
    TIMER5B_Handler                          0x00000473   Thumb Code     2  startup_tm4c123.o(.text)
    WTIMER0A_Handler                         0x00000475   Thumb Code     2  startup_tm4c123.o(.text)
    WTIMER0B_Handler                         0x00000477   Thumb Code     2  startup_tm4c123.o(.text)
    WTIMER1A_Handler                         0x00000479   Thumb Code     2  startup_tm4c123.o(.text)
    WTIMER1B_Handler                         0x0000047b   Thumb Code     2  startup_tm4c123.o(.text)
    WTIMER2A_Handler                         0x0000047d   Thumb Code     2  startup_tm4c123.o(.text)
    WTIMER2B_Handler                         0x0000047f   Thumb Code     2  startup_tm4c123.o(.text)
    WTIMER3A_Handler                         0x00000481   Thumb Code     2  startup_tm4c123.o(.text)
    WTIMER3B_Handler                         0x00000483   Thumb Code     2  startup_tm4c123.o(.text)
    WTIMER4A_Handler                         0x00000485   Thumb Code     2  startup_tm4c123.o(.text)
    WTIMER4B_Handler                         0x00000487   Thumb Code     2  startup_tm4c123.o(.text)
    WTIMER5A_Handler                         0x00000489   Thumb Code     2  startup_tm4c123.o(.text)
    WTIMER5B_Handler                         0x0000048b   Thumb Code     2  startup_tm4c123.o(.text)
    FPU_Handler                              0x0000048d   Thumb Code     2  startup_tm4c123.o(.text)
    I2C4_Handler                             0x0000048f   Thumb Code     2  startup_tm4c123.o(.text)
    I2C5_Handler                             0x00000491   Thumb Code     2  startup_tm4c123.o(.text)
    GPIOM_Handler                            0x00000493   Thumb Code     2  startup_tm4c123.o(.text)
    GPION_Handler                            0x00000495   Thumb Code     2  startup_tm4c123.o(.text)
    QEI2_Handler                             0x00000497   Thumb Code     2  startup_tm4c123.o(.text)
    GPIOP0_Handler                           0x00000499   Thumb Code     2  startup_tm4c123.o(.text)
    GPIOP1_Handler                           0x0000049b   Thumb Code     2  startup_tm4c123.o(.text)
    GPIOP2_Handler                           0x0000049d   Thumb Code     2  startup_tm4c123.o(.text)
    GPIOP3_Handler                           0x0000049f   Thumb Code     2  startup_tm4c123.o(.text)
    GPIOP4_Handler                           0x000004a1   Thumb Code     2  startup_tm4c123.o(.text)
    GPIOP5_Handler                           0x000004a3   Thumb Code     2  startup_tm4c123.o(.text)
    GPIOP6_Handler                           0x000004a5   Thumb Code     2  startup_tm4c123.o(.text)
    GPIOP7_Handler                           0x000004a7   Thumb Code     2  startup_tm4c123.o(.text)
    GPIOQ0_Handler                           0x000004a9   Thumb Code     2  startup_tm4c123.o(.text)
    GPIOQ1_Handler                           0x000004ab   Thumb Code     2  startup_tm4c123.o(.text)
    GPIOQ2_Handler                           0x000004ad   Thumb Code     2  startup_tm4c123.o(.text)
    GPIOQ3_Handler                           0x000004af   Thumb Code     2  startup_tm4c123.o(.text)
    GPIOQ4_Handler                           0x000004b1   Thumb Code     2  startup_tm4c123.o(.text)
    GPIOQ5_Handler                           0x000004b3   Thumb Code     2  startup_tm4c123.o(.text)
    GPIOQ6_Handler                           0x000004b5   Thumb Code     2  startup_tm4c123.o(.text)
    GPIOQ7_Handler                           0x000004b7   Thumb Code     2  startup_tm4c123.o(.text)
    GPIOR_Handler                            0x000004b9   Thumb Code     2  startup_tm4c123.o(.text)
    GPIOS_Handler                            0x000004bb   Thumb Code     2  startup_tm4c123.o(.text)
    PMW1_0_Handler                           0x000004bd   Thumb Code     2  startup_tm4c123.o(.text)
    PWM1_1_Handler                           0x000004bf   Thumb Code     2  startup_tm4c123.o(.text)
    PWM1_2_Handler                           0x000004c1   Thumb Code     2  startup_tm4c123.o(.text)
    PWM1_3_Handler                           0x000004c3   Thumb Code     2  startup_tm4c123.o(.text)
    PWM1_FAULT_Handler                       0x000004c5   Thumb Code     2  startup_tm4c123.o(.text)
    __user_initial_stackheap                 0x000004c9   Thumb Code     0  startup_tm4c123.o(.text)
    __aeabi_memcpy                           0x000004e9   Thumb Code     0  rt_memcpy_v6.o(.text)
    __rt_memcpy                              0x000004e9   Thumb Code   138  rt_memcpy_v6.o(.text)
    _memcpy_lastbytes                        0x0000054f   Thumb Code     0  rt_memcpy_v6.o(.text)
    __aeabi_memset                           0x00000573   Thumb Code    16  aeabi_memset.o(.text)
    __use_two_region_memory                  0x00000583   Thumb Code     2  heapauxi.o(.text)
    __rt_heap_escrow$2region                 0x00000585   Thumb Code     2  heapauxi.o(.text)
    __rt_heap_expand$2region                 0x00000587   Thumb Code     2  heapauxi.o(.text)
    __aeabi_memcpy4                          0x00000589   Thumb Code     0  rt_memcpy_w.o(.text)
    __aeabi_memcpy8                          0x00000589   Thumb Code     0  rt_memcpy_w.o(.text)
    __rt_memcpy_w                            0x00000589   Thumb Code   100  rt_memcpy_w.o(.text)
    _memcpy_lastbytes_aligned                0x000005d1   Thumb Code     0  rt_memcpy_w.o(.text)
    __aeabi_memclr                           0x000005ed   Thumb Code     0  rt_memclr.o(.text)
    __rt_memclr                              0x000005ed   Thumb Code    68  rt_memclr.o(.text)
    _memset                                  0x000005f1   Thumb Code     0  rt_memclr.o(.text)
    __aeabi_memclr4                          0x00000631   Thumb Code     0  rt_memclr_w.o(.text)
    __aeabi_memclr8                          0x00000631   Thumb Code     0  rt_memclr_w.o(.text)
    __rt_memclr_w                            0x00000631   Thumb Code    78  rt_memclr_w.o(.text)
    _memset_w                                0x00000635   Thumb Code     0  rt_memclr_w.o(.text)
    __user_setup_stackheap                   0x0000067f   Thumb Code    74  sys_stackheap_outer.o(.text)
    exit                                     0x000006c9   Thumb Code    18  exit.o(.text)
    __user_libspace                          0x000006dd   Thumb Code     8  libspace.o(.text)
    __user_perproc_libspace                  0x000006dd   Thumb Code     0  libspace.o(.text)
    __user_perthread_libspace                0x000006dd   Thumb Code     0  libspace.o(.text)
    _sys_exit                                0x000006e5   Thumb Code     8  sys_exit.o(.text)
    __I$use$semihosting                      0x000006f1   Thumb Code     0  use_no_semi.o(.text)
    __use_no_semihosting_swi                 0x000006f1   Thumb Code     2  use_no_semi.o(.text)
    GPIODirModeSet                           0x000006f3   Thumb Code    40  gpio.o(i.GPIODirModeSet)
    __semihosting_library_function           0x000006f3   Thumb Code     0  indicate_semi.o(.text)
    GPIOPadConfigSet                         0x0000071b   Thumb Code   314  gpio.o(i.GPIOPadConfigSet)
    GPIOPinConfigure                         0x00000855   Thumb Code    64  gpio.o(i.GPIOPinConfigure)
    GPIOPinTypePWM                           0x0000089d   Thumb Code    28  gpio.o(i.GPIOPinTypePWM)
    PWMGenConfigure                          0x000008b9   Thumb Code    38  pwm.o(i.PWMGenConfigure)
    PWMGenEnable                             0x000008df   Thumb Code    10  pwm.o(i.PWMGenEnable)
    PWMGenPeriodSet                          0x000008e9   Thumb Code    18  pwm.o(i.PWMGenPeriodSet)
    PWMOutputState                           0x000008fb   Thumb Code    16  pwm.o(i.PWMOutputState)
    PWMPulseWidthSet                         0x0000090b   Thumb Code    32  pwm.o(i.PWMPulseWidthSet)
    SysCtlPWMClockSet                        0x0000092d   Thumb Code    14  sysctl.o(i.SysCtlPWMClockSet)
    SysCtlPeripheralEnable                   0x00000941   Thumb Code    36  sysctl.o(i.SysCtlPeripheralEnable)
    SysTick_Handler                          0x00000969   Thumb Code    46  port.o(i.SysTick_Handler)
    SystemInit                               0x0000099d   Thumb Code   112  system_tm4c123.o(i.SystemInit)
    closeGate                                0x00000a35   Thumb Code    42  main.o(i.closeGate)
    eTaskConfirmSleepModeStatus              0x00000a69   Thumb Code    42  tasks.o(i.eTaskConfirmSleepModeStatus)
    main                                     0x00000aa5   Thumb Code   122  main.o(i.main)
    northGreenLight                          0x00000b49   Thumb Code    30  main.o(i.northGreenLight)
    northRedLight                            0x00000b71   Thumb Code    30  main.o(i.northRedLight)
    openGate                                 0x00000b99   Thumb Code    42  main.o(i.openGate)
    pedestrainCrossing                       0x00000bcd   Thumb Code    30  main.o(i.pedestrainCrossing)
    portBOutputSetup                         0x00000bf5   Thumb Code    42  main.o(i.portBOutputSetup)
    portESetup                               0x00000c2d   Thumb Code    68  main.o(i.portESetup)
    pvPortMalloc                             0x000016d1   Thumb Code    98  heap_1.o(i.pvPortMalloc)
    pwmSetup                                 0x00001741   Thumb Code   140  main.o(i.pwmSetup)
    pxPortInitialiseStack                    0x000017f5   Thumb Code    38  port.o(i.pxPortInitialiseStack)
    siren                                    0x00001821   Thumb Code    70  main.o(i.siren)
    stateHandler                             0x00001875   Thumb Code  1308  main.o(i.stateHandler)
    trainCrossing                            0x00001dc1   Thumb Code    48  main.o(i.trainCrossing)
    uxListRemove                             0x00001dfd   Thumb Code    40  list.o(i.uxListRemove)
    vApplicationIdleHook                     0x00001e25   Thumb Code    58  main.o(i.vApplicationIdleHook)
    vListInitialise                          0x00001e71   Thumb Code    26  list.o(i.vListInitialise)
    vListInitialiseItem                      0x00001e8b   Thumb Code     6  list.o(i.vListInitialiseItem)
    vListInsert                              0x00001e91   Thumb Code    52  list.o(i.vListInsert)
    vListInsertEnd                           0x00001ec5   Thumb Code    24  list.o(i.vListInsertEnd)
    vPortEnterCritical                       0x00001edd   Thumb Code    76  port.o(i.vPortEnterCritical)
    vPortExitCritical                        0x00001f31   Thumb Code    56  port.o(i.vPortExitCritical)
    vPortFree                                0x00001f6d   Thumb Code    34  heap_1.o(i.vPortFree)
    vPortSetupTimerInterrupt                 0x00001f91   Thumb Code    86  port.o(i.vPortSetupTimerInterrupt)
    vPortSuppressTicksAndSleep               0x00001ff9   Thumb Code   320  port.o(i.vPortSuppressTicksAndSleep)
    vPortValidateInterruptPriority           0x00002145   Thumb Code   106  port.o(i.vPortValidateInterruptPriority)
    vQueueWaitForMessageRestricted           0x000021bd   Thumb Code    74  queue.o(i.vQueueWaitForMessageRestricted)
    vTaskDelay                               0x00002209   Thumb Code    82  tasks.o(i.vTaskDelay)
    vTaskInternalSetTimeOutState             0x00002265   Thumb Code    14  tasks.o(i.vTaskInternalSetTimeOutState)
    vTaskMissedYield                         0x0000227d   Thumb Code     8  tasks.o(i.vTaskMissedYield)
    vTaskPlaceOnEventList                    0x00002289   Thumb Code    52  tasks.o(i.vTaskPlaceOnEventList)
    vTaskPlaceOnEventListRestricted          0x000022c1   Thumb Code    60  tasks.o(i.vTaskPlaceOnEventListRestricted)
    vTaskPrioritySet                         0x00002301   Thumb Code   260  tasks.o(i.vTaskPrioritySet)
    vTaskStartScheduler                      0x00002415   Thumb Code   118  tasks.o(i.vTaskStartScheduler)
    vTaskStepTick                            0x000024a9   Thumb Code    56  tasks.o(i.vTaskStepTick)
    vTaskSuspendAll                          0x000024e9   Thumb Code    12  tasks.o(i.vTaskSuspendAll)
    vTaskSwitchContext                       0x000024f9   Thumb Code   118  tasks.o(i.vTaskSwitchContext)
    xPortStartScheduler                      0x00002585   Thumb Code   330  port.o(i.xPortStartScheduler)
    xQueueGenericCreate                      0x000026ed   Thumb Code    90  queue.o(i.xQueueGenericCreate)
    xQueueGenericReset                       0x00002749   Thumb Code   146  queue.o(i.xQueueGenericReset)
    xQueueGenericSend                        0x000027e1   Thumb Code   468  queue.o(i.xQueueGenericSend)
    xQueueGenericSendFromISR                 0x000029b9   Thumb Code   264  queue.o(i.xQueueGenericSendFromISR)
    xQueueReceive                            0x00002ac1   Thumb Code   356  queue.o(i.xQueueReceive)
    xTaskCheckForTimeOut                     0x00002c29   Thumb Code   156  tasks.o(i.xTaskCheckForTimeOut)
    xTaskCreate                              0x00002cd1   Thumb Code    96  tasks.o(i.xTaskCreate)
    xTaskGetSchedulerState                   0x00002d31   Thumb Code    24  tasks.o(i.xTaskGetSchedulerState)
    xTaskGetTickCount                        0x00002d51   Thumb Code     6  tasks.o(i.xTaskGetTickCount)
    xTaskIncrementTick                       0x00002d5d   Thumb Code   282  tasks.o(i.xTaskIncrementTick)
    xTaskPriorityDisinherit                  0x00002ea5   Thumb Code   188  tasks.o(i.xTaskPriorityDisinherit)
    xTaskRemoveFromEventList                 0x00002f6d   Thumb Code   132  tasks.o(i.xTaskRemoveFromEventList)
    xTaskResumeAll                           0x00003009   Thumb Code   224  tasks.o(i.xTaskResumeAll)
    xTimerCreateTimerTask                    0x0000310d   Thumb Code    64  timers.o(i.xTimerCreateTimerTask)
    xTimerGenericCommand                     0x00003161   Thumb Code   128  timers.o(i.xTimerGenericCommand)
    _fp_init                                 0x000031e5   Thumb Code    10  fpinit.o(x$fpl$fpinit)
    __fplib_config_fpu_vfp                   0x000031ed   Thumb Code     0  fpinit.o(x$fpl$fpinit)
    __fplib_config_pureend_doubles           0x000031ed   Thumb Code     0  fpinit.o(x$fpl$fpinit)
    Region$$Table$$Base                      0x00003400   Number         0  anon$$obj.o(Region$$Table)
    Region$$Table$$Limit                     0x00003420   Number         0  anon$$obj.o(Region$$Table)
    northRedTaskHandle                       0x20000000   Data           4  main.o(.data)
    northGreenTaskHandle                     0x20000004   Data           4  main.o(.data)
    stateHandle                              0x20000008   Data           4  main.o(.data)
    pdHandle                                 0x2000000c   Data           4  main.o(.data)
    trainHandle                              0x20000010   Data           4  main.o(.data)
    newState                                 0x20000014   Data           1  main.o(.data)
    pdPressed                                0x20000015   Data           1  main.o(.data)
    rightPressed                             0x20000016   Data           1  main.o(.data)
    leftPressed                              0x20000017   Data           1  main.o(.data)
    trainf                                   0x20000018   Data           1  main.o(.data)
    ngreenf                                  0x20000019   Data           1  main.o(.data)
    egreenf                                  0x2000001a   Data           1  main.o(.data)
    predf                                    0x2000001b   Data           1  main.o(.data)
    SystemCoreClock                          0x20000024   Data           4  system_tm4c123.o(.data)
    pxCurrentTCB                             0x20000048   Data           4  tasks.o(.data)
    __libspace_start                         0x200021b0   Data          96  libspace.o(.bss)
    __temporary_stack_top$libspace           0x20002210   Data           0  libspace.o(.bss)



==============================================================================

Memory Map of the image

  Image Entry point : 0x000003d5

  Load Region LR_1 (Base: 0x00000000, Size: 0x000034b8, Max: 0xffffffff, ABSOLUTE)

    Execution Region ER_RO (Exec base: 0x00000000, Load base: 0x00000000, Size: 0x00003420, Max: 0xffffffff, ABSOLUTE)

    Exec Addr    Load Addr    Size         Type   Attr      Idx    E Section Name        Object

    0x00000000   0x00000000   0x0000026c   Data   RO          159    RESET               startup_tm4c123.o
    0x0000026c   0x0000026c   0x00000008   Code   RO         2274  * !!!main             c_w.l(__main.o)
    0x00000274   0x00000274   0x00000034   Code   RO         2437    !!!scatter          c_w.l(__scatter.o)
    0x000002a8   0x000002a8   0x0000001a   Code   RO         2439    !!handler_copy      c_w.l(__scatter_copy.o)
    0x000002c2   0x000002c2   0x00000002   PAD
    0x000002c4   0x000002c4   0x0000001c   Code   RO         2441    !!handler_zi        c_w.l(__scatter_zi.o)
    0x000002e0   0x000002e0   0x00000002   Code   RO         2307    .ARM.Collect$$libinit$$00000000  c_w.l(libinit.o)
    0x000002e2   0x000002e2   0x00000004   Code   RO         2313    .ARM.Collect$$libinit$$00000001  c_w.l(libinit2.o)
    0x000002e6   0x000002e6   0x00000000   Code   RO         2316    .ARM.Collect$$libinit$$00000004  c_w.l(libinit2.o)
    0x000002e6   0x000002e6   0x00000000   Code   RO         2319    .ARM.Collect$$libinit$$0000000A  c_w.l(libinit2.o)
    0x000002e6   0x000002e6   0x00000000   Code   RO         2321    .ARM.Collect$$libinit$$0000000C  c_w.l(libinit2.o)
    0x000002e6   0x000002e6   0x00000000   Code   RO         2323    .ARM.Collect$$libinit$$0000000E  c_w.l(libinit2.o)
    0x000002e6   0x000002e6   0x00000000   Code   RO         2326    .ARM.Collect$$libinit$$00000011  c_w.l(libinit2.o)
    0x000002e6   0x000002e6   0x00000000   Code   RO         2328    .ARM.Collect$$libinit$$00000013  c_w.l(libinit2.o)
    0x000002e6   0x000002e6   0x00000000   Code   RO         2330    .ARM.Collect$$libinit$$00000015  c_w.l(libinit2.o)
    0x000002e6   0x000002e6   0x00000000   Code   RO         2332    .ARM.Collect$$libinit$$00000017  c_w.l(libinit2.o)
    0x000002e6   0x000002e6   0x00000000   Code   RO         2334    .ARM.Collect$$libinit$$00000019  c_w.l(libinit2.o)
    0x000002e6   0x000002e6   0x00000000   Code   RO         2336    .ARM.Collect$$libinit$$0000001B  c_w.l(libinit2.o)
    0x000002e6   0x000002e6   0x00000000   Code   RO         2338    .ARM.Collect$$libinit$$0000001D  c_w.l(libinit2.o)
    0x000002e6   0x000002e6   0x00000000   Code   RO         2340    .ARM.Collect$$libinit$$0000001F  c_w.l(libinit2.o)
    0x000002e6   0x000002e6   0x00000000   Code   RO         2342    .ARM.Collect$$libinit$$00000021  c_w.l(libinit2.o)
    0x000002e6   0x000002e6   0x00000000   Code   RO         2344    .ARM.Collect$$libinit$$00000023  c_w.l(libinit2.o)
    0x000002e6   0x000002e6   0x00000000   Code   RO         2346    .ARM.Collect$$libinit$$00000025  c_w.l(libinit2.o)
    0x000002e6   0x000002e6   0x00000000   Code   RO         2350    .ARM.Collect$$libinit$$0000002C  c_w.l(libinit2.o)
    0x000002e6   0x000002e6   0x00000000   Code   RO         2352    .ARM.Collect$$libinit$$0000002E  c_w.l(libinit2.o)
    0x000002e6   0x000002e6   0x00000000   Code   RO         2354    .ARM.Collect$$libinit$$00000030  c_w.l(libinit2.o)
    0x000002e6   0x000002e6   0x00000000   Code   RO         2356    .ARM.Collect$$libinit$$00000032  c_w.l(libinit2.o)
    0x000002e6   0x000002e6   0x00000002   Code   RO         2357    .ARM.Collect$$libinit$$00000033  c_w.l(libinit2.o)
    0x000002e8   0x000002e8   0x00000002   Code   RO         2377    .ARM.Collect$$libshutdown$$00000000  c_w.l(libshutdown.o)
    0x000002ea   0x000002ea   0x00000000   Code   RO         2390    .ARM.Collect$$libshutdown$$00000002  c_w.l(libshutdown2.o)
    0x000002ea   0x000002ea   0x00000000   Code   RO         2392    .ARM.Collect$$libshutdown$$00000004  c_w.l(libshutdown2.o)
    0x000002ea   0x000002ea   0x00000000   Code   RO         2395    .ARM.Collect$$libshutdown$$00000007  c_w.l(libshutdown2.o)
    0x000002ea   0x000002ea   0x00000000   Code   RO         2398    .ARM.Collect$$libshutdown$$0000000A  c_w.l(libshutdown2.o)
    0x000002ea   0x000002ea   0x00000000   Code   RO         2400    .ARM.Collect$$libshutdown$$0000000C  c_w.l(libshutdown2.o)
    0x000002ea   0x000002ea   0x00000000   Code   RO         2403    .ARM.Collect$$libshutdown$$0000000F  c_w.l(libshutdown2.o)
    0x000002ea   0x000002ea   0x00000002   Code   RO         2404    .ARM.Collect$$libshutdown$$00000010  c_w.l(libshutdown2.o)
    0x000002ec   0x000002ec   0x00000000   Code   RO         2276    .ARM.Collect$$rtentry$$00000000  c_w.l(__rtentry.o)
    0x000002ec   0x000002ec   0x00000000   Code   RO         2282    .ARM.Collect$$rtentry$$00000002  c_w.l(__rtentry2.o)
    0x000002ec   0x000002ec   0x00000006   Code   RO         2294    .ARM.Collect$$rtentry$$00000004  c_w.l(__rtentry4.o)
    0x000002f2   0x000002f2   0x00000000   Code   RO         2284    .ARM.Collect$$rtentry$$00000009  c_w.l(__rtentry2.o)
    0x000002f2   0x000002f2   0x00000004   Code   RO         2285    .ARM.Collect$$rtentry$$0000000A  c_w.l(__rtentry2.o)
    0x000002f6   0x000002f6   0x00000000   Code   RO         2287    .ARM.Collect$$rtentry$$0000000C  c_w.l(__rtentry2.o)
    0x000002f6   0x000002f6   0x00000008   Code   RO         2288    .ARM.Collect$$rtentry$$0000000D  c_w.l(__rtentry2.o)
    0x000002fe   0x000002fe   0x00000002   Code   RO         2311    .ARM.Collect$$rtexit$$00000000  c_w.l(rtexit.o)
    0x00000300   0x00000300   0x00000000   Code   RO         2359    .ARM.Collect$$rtexit$$00000002  c_w.l(rtexit2.o)
    0x00000300   0x00000300   0x00000004   Code   RO         2360    .ARM.Collect$$rtexit$$00000003  c_w.l(rtexit2.o)
    0x00000304   0x00000304   0x00000006   Code   RO         2361    .ARM.Collect$$rtexit$$00000004  c_w.l(rtexit2.o)
    0x0000030a   0x0000030a   0x00000002   PAD
    0x0000030c   0x0000030c   0x000000be   Code   RO          345    .emb_text           port.o
    0x000003ca   0x000003ca   0x00000002   PAD
    0x000003cc   0x000003cc   0x00000006   Code   RO         1796    .emb_text           driverlib.lib(sysctl.o)
    0x000003d2   0x000003d2   0x00000002   PAD
    0x000003d4   0x000003d4   0x00000114   Code   RO          160  * .text               startup_tm4c123.o
    0x000004e8   0x000004e8   0x0000008a   Code   RO         2268    .text               c_w.l(rt_memcpy_v6.o)
    0x00000572   0x00000572   0x00000010   Code   RO         2270    .text               c_w.l(aeabi_memset.o)
    0x00000582   0x00000582   0x00000006   Code   RO         2272    .text               c_w.l(heapauxi.o)
    0x00000588   0x00000588   0x00000064   Code   RO         2277    .text               c_w.l(rt_memcpy_w.o)
    0x000005ec   0x000005ec   0x00000044   Code   RO         2279    .text               c_w.l(rt_memclr.o)
    0x00000630   0x00000630   0x0000004e   Code   RO         2296    .text               c_w.l(rt_memclr_w.o)
    0x0000067e   0x0000067e   0x0000004a   Code   RO         2298    .text               c_w.l(sys_stackheap_outer.o)
    0x000006c8   0x000006c8   0x00000012   Code   RO         2300    .text               c_w.l(exit.o)
    0x000006da   0x000006da   0x00000002   PAD
    0x000006dc   0x000006dc   0x00000008   Code   RO         2308    .text               c_w.l(libspace.o)
    0x000006e4   0x000006e4   0x0000000c   Code   RO         2369    .text               c_w.l(sys_exit.o)
    0x000006f0   0x000006f0   0x00000002   Code   RO         2380    .text               c_w.l(use_no_semi.o)
    0x000006f2   0x000006f2   0x00000000   Code   RO         2382    .text               c_w.l(indicate_semi.o)
    0x000006f2   0x000006f2   0x00000028   Code   RO         1242    i.GPIODirModeSet    driverlib.lib(gpio.o)
    0x0000071a   0x0000071a   0x0000013a   Code   RO         1252    i.GPIOPadConfigSet  driverlib.lib(gpio.o)
    0x00000854   0x00000854   0x00000048   Code   RO         1253    i.GPIOPinConfigure  driverlib.lib(gpio.o)
    0x0000089c   0x0000089c   0x0000001c   Code   RO         1274    i.GPIOPinTypePWM    driverlib.lib(gpio.o)
    0x000008b8   0x000008b8   0x00000026   Code   RO         1571    i.PWMGenConfigure   driverlib.lib(pwm.o)
    0x000008de   0x000008de   0x0000000a   Code   RO         1573    i.PWMGenEnable      driverlib.lib(pwm.o)
    0x000008e8   0x000008e8   0x00000012   Code   RO         1586    i.PWMGenPeriodSet   driverlib.lib(pwm.o)
    0x000008fa   0x000008fa   0x00000010   Code   RO         1593    i.PWMOutputState    driverlib.lib(pwm.o)
    0x0000090a   0x0000090a   0x00000020   Code   RO         1596    i.PWMPulseWidthSet  driverlib.lib(pwm.o)
    0x0000092a   0x0000092a   0x00000002   PAD
    0x0000092c   0x0000092c   0x00000014   Code   RO         1825    i.SysCtlPWMClockSet  driverlib.lib(sysctl.o)
    0x00000940   0x00000940   0x00000028   Code   RO         1830    i.SysCtlPeripheralEnable  driverlib.lib(sysctl.o)
    0x00000968   0x00000968   0x00000034   Code   RO          346    i.SysTick_Handler   port.o
    0x0000099c   0x0000099c   0x00000098   Code   RO          169    i.SystemInit        system_tm4c123.o
    0x00000a34   0x00000a34   0x00000034   Code   RO            1    i.closeGate         main.o
    0x00000a68   0x00000a68   0x0000003c   Code   RO          680    i.eTaskConfirmSleepModeStatus  tasks.o
    0x00000aa4   0x00000aa4   0x000000a4   Code   RO            2    i.main              main.o
    0x00000b48   0x00000b48   0x00000028   Code   RO            3    i.northGreenLight   main.o
    0x00000b70   0x00000b70   0x00000028   Code   RO            4    i.northRedLight     main.o
    0x00000b98   0x00000b98   0x00000034   Code   RO            5    i.openGate          main.o
    0x00000bcc   0x00000bcc   0x00000028   Code   RO            6    i.pedestrainCrossing  main.o
    0x00000bf4   0x00000bf4   0x00000038   Code   RO            7    i.portBOutputSetup  main.o
    0x00000c2c   0x00000c2c   0x00000050   Code   RO            8    i.portESetup        main.o
    0x00000c7c   0x00000c7c   0x000000a4   Code   RO          683    i.prvAddCurrentTaskToDelayedList  tasks.o
    0x00000d20   0x00000d20   0x000000b8   Code   RO          684    i.prvAddNewTaskToReadyList  tasks.o
    0x00000dd8   0x00000dd8   0x0000004c   Code   RO         1086    i.prvCheckForValidListAndQueue  timers.o
    0x00000e24   0x00000e24   0x00000048   Code   RO          685    i.prvCheckTasksWaitingTermination  tasks.o
    0x00000e6c   0x00000e6c   0x0000002a   Code   RO          428    i.prvCopyDataFromQueue  queue.o
    0x00000e96   0x00000e96   0x0000007e   Code   RO          429    i.prvCopyDataToQueue  queue.o
    0x00000f14   0x00000f14   0x00000012   Code   RO          686    i.prvDeleteTCB      tasks.o
    0x00000f26   0x00000f26   0x00000002   PAD
    0x00000f28   0x00000f28   0x0000004c   Code   RO          687    i.prvGetExpectedIdleTime  tasks.o
    0x00000f74   0x00000f74   0x00000028   Code   RO         1087    i.prvGetNextExpireTime  timers.o
    0x00000f9c   0x00000f9c   0x00000080   Code   RO          688    i.prvIdleTask       tasks.o
    0x0000101c   0x0000101c   0x0000002e   Code   RO          432    i.prvInitialiseNewQueue  queue.o
    0x0000104a   0x0000104a   0x000000c2   Code   RO          689    i.prvInitialiseNewTask  tasks.o
    0x0000110c   0x0000110c   0x00000068   Code   RO          690    i.prvInitialiseTaskLists  tasks.o
    0x00001174   0x00001174   0x00000058   Code   RO         1089    i.prvInsertTimerInActiveList  timers.o
    0x000011cc   0x000011cc   0x0000001a   Code   RO          433    i.prvIsQueueEmpty   queue.o
    0x000011e6   0x000011e6   0x0000001e   Code   RO          434    i.prvIsQueueFull    queue.o
    0x00001204   0x00001204   0x00000090   Code   RO          435    i.prvNotifyQueueSetContainer  queue.o
    0x00001294   0x00001294   0x00000074   Code   RO         1090    i.prvProcessExpiredTimer  timers.o
    0x00001308   0x00001308   0x00000164   Code   RO         1091    i.prvProcessReceivedCommands  timers.o
    0x0000146c   0x0000146c   0x00000074   Code   RO         1092    i.prvProcessTimerOrBlockTask  timers.o
    0x000014e0   0x000014e0   0x00000034   Code   RO          692    i.prvResetNextTaskUnblockTime  tasks.o
    0x00001514   0x00001514   0x0000002c   Code   RO         1093    i.prvSampleTimeNow  timers.o
    0x00001540   0x00001540   0x000000a4   Code   RO         1094    i.prvSwitchTimerLists  timers.o
    0x000015e4   0x000015e4   0x00000040   Code   RO          347    i.prvTaskExitError  port.o
    0x00001624   0x00001624   0x0000001a   Code   RO         1095    i.prvTimerTask      timers.o
    0x0000163e   0x0000163e   0x00000092   Code   RO          436    i.prvUnlockQueue    queue.o
    0x000016d0   0x000016d0   0x00000070   Code   RO          300    i.pvPortMalloc      heap_1.o
    0x00001740   0x00001740   0x000000b4   Code   RO            9    i.pwmSetup          main.o
    0x000017f4   0x000017f4   0x0000002c   Code   RO          348    i.pxPortInitialiseStack  port.o
    0x00001820   0x00001820   0x00000054   Code   RO           10    i.siren             main.o
    0x00001874   0x00001874   0x0000054c   Code   RO           11    i.stateHandler      main.o
    0x00001dc0   0x00001dc0   0x0000003c   Code   RO           12    i.trainCrossing     main.o
    0x00001dfc   0x00001dfc   0x00000028   Code   RO          249    i.uxListRemove      list.o
    0x00001e24   0x00001e24   0x0000004c   Code   RO           13    i.vApplicationIdleHook  main.o
    0x00001e70   0x00001e70   0x0000001a   Code   RO          250    i.vListInitialise   list.o
    0x00001e8a   0x00001e8a   0x00000006   Code   RO          251    i.vListInitialiseItem  list.o
    0x00001e90   0x00001e90   0x00000034   Code   RO          252    i.vListInsert       list.o
    0x00001ec4   0x00001ec4   0x00000018   Code   RO          253    i.vListInsertEnd    list.o
    0x00001edc   0x00001edc   0x00000054   Code   RO          350    i.vPortEnterCritical  port.o
    0x00001f30   0x00001f30   0x0000003c   Code   RO          351    i.vPortExitCritical  port.o
    0x00001f6c   0x00001f6c   0x00000022   Code   RO          301    i.vPortFree         heap_1.o
    0x00001f8e   0x00001f8e   0x00000002   PAD
    0x00001f90   0x00001f90   0x00000068   Code   RO          352    i.vPortSetupTimerInterrupt  port.o
    0x00001ff8   0x00001ff8   0x0000014c   Code   RO          353    i.vPortSuppressTicksAndSleep  port.o
    0x00002144   0x00002144   0x00000078   Code   RO          354    i.vPortValidateInterruptPriority  port.o
    0x000021bc   0x000021bc   0x0000004a   Code   RO          444    i.vQueueWaitForMessageRestricted  queue.o
    0x00002206   0x00002206   0x00000002   PAD
    0x00002208   0x00002208   0x0000005c   Code   RO          706    i.vTaskDelay        tasks.o
    0x00002264   0x00002264   0x00000018   Code   RO          711    i.vTaskInternalSetTimeOutState  tasks.o
    0x0000227c   0x0000227c   0x0000000c   Code   RO          712    i.vTaskMissedYield  tasks.o
    0x00002288   0x00002288   0x00000038   Code   RO          714    i.vTaskPlaceOnEventList  tasks.o
    0x000022c0   0x000022c0   0x00000040   Code   RO          715    i.vTaskPlaceOnEventListRestricted  tasks.o
    0x00002300   0x00002300   0x00000114   Code   RO          718    i.vTaskPrioritySet  tasks.o
    0x00002414   0x00002414   0x00000094   Code   RO          723    i.vTaskStartScheduler  tasks.o
    0x000024a8   0x000024a8   0x00000040   Code   RO          724    i.vTaskStepTick     tasks.o
    0x000024e8   0x000024e8   0x00000010   Code   RO          726    i.vTaskSuspendAll   tasks.o
    0x000024f8   0x000024f8   0x0000008c   Code   RO          727    i.vTaskSwitchContext  tasks.o
    0x00002584   0x00002584   0x00000168   Code   RO          355    i.xPortStartScheduler  port.o
    0x000026ec   0x000026ec   0x0000005a   Code   RO          449    i.xQueueGenericCreate  queue.o
    0x00002746   0x00002746   0x00000002   PAD
    0x00002748   0x00002748   0x00000098   Code   RO          450    i.xQueueGenericReset  queue.o
    0x000027e0   0x000027e0   0x000001d8   Code   RO          451    i.xQueueGenericSend  queue.o
    0x000029b8   0x000029b8   0x00000108   Code   RO          452    i.xQueueGenericSendFromISR  queue.o
    0x00002ac0   0x00002ac0   0x00000168   Code   RO          461    i.xQueueReceive     queue.o
    0x00002c28   0x00002c28   0x000000a8   Code   RO          729    i.xTaskCheckForTimeOut  tasks.o
    0x00002cd0   0x00002cd0   0x00000060   Code   RO          730    i.xTaskCreate       tasks.o
    0x00002d30   0x00002d30   0x00000020   Code   RO          736    i.xTaskGetSchedulerState  tasks.o
    0x00002d50   0x00002d50   0x0000000c   Code   RO          737    i.xTaskGetTickCount  tasks.o
    0x00002d5c   0x00002d5c   0x00000148   Code   RO          739    i.xTaskIncrementTick  tasks.o
    0x00002ea4   0x00002ea4   0x000000c8   Code   RO          742    i.xTaskPriorityDisinherit  tasks.o
    0x00002f6c   0x00002f6c   0x0000009c   Code   RO          744    i.xTaskRemoveFromEventList  tasks.o
    0x00003008   0x00003008   0x00000104   Code   RO          745    i.xTaskResumeAll    tasks.o
    0x0000310c   0x0000310c   0x00000054   Code   RO         1102    i.xTimerCreateTimerTask  timers.o
    0x00003160   0x00003160   0x00000084   Code   RO         1103    i.xTimerGenericCommand  timers.o
    0x000031e4   0x000031e4   0x0000000a   Code   RO         2367    x$fpl$fpinit        fz_wm.l(fpinit.o)
    0x000031ee   0x000031ee   0x00000002   PAD
    0x000031f0   0x000031f0   0x00000210   Data   RO         1285    .constdata          driverlib.lib(gpio.o)
    0x00003400   0x00003400   0x00000020   Data   RO         2435    Region$$Table       anon$$obj.o


    Execution Region ER_RW (Exec base: 0x20000000, Load base: 0x00003420, Size: 0x00000098, Max: 0xffffffff, ABSOLUTE)

    Exec Addr    Load Addr    Size         Type   Attr      Idx    E Section Name        Object

    0x20000000   0x00003420   0x00000024   Data   RW           14    .data               main.o
    0x20000024   0x00003444   0x00000004   Data   RW          171    .data               system_tm4c123.o
    0x20000028   0x00003448   0x00000008   Data   RW          305    .data               heap_1.o
    0x20000030   0x00003450   0x00000018   Data   RW          356    .data               port.o
    0x20000048   0x00003468   0x0000003c   Data   RW          748    .data               tasks.o
    0x20000084   0x000034a4   0x00000014   Data   RW         1111    .data               timers.o


    Execution Region ER_ZI (Exec base: 0x20000098, Load base: 0x000034b8, Size: 0x00002378, Max: 0xffffffff, ABSOLUTE)

    Exec Addr    Load Addr    Size         Type   Attr      Idx    E Section Name        Object

    0x20000098        -       0x00002000   Zero   RW          304    .bss                heap_1.o
    0x20002098        -       0x000000f0   Zero   RW          747    .bss                tasks.o
    0x20002188        -       0x00000028   Zero   RW         1110    .bss                timers.o
    0x200021b0        -       0x00000060   Zero   RW         2309    .bss                c_w.l(libspace.o)
    0x20002210        -       0x00000000   Zero   RW          158    HEAP                startup_tm4c123.o
    0x20002210        -       0x00000200   Zero   RW          157    STACK               startup_tm4c123.o


==============================================================================

Image component sizes


      Code (inc. data)   RO Data    RW Data    ZI Data      Debug   Object Name

         0          0          0          0          0       2292   freertos_evr.o
       146         14          0          8       8192      10935   heap_1.o
       148          0          0          0          0       5214   list.o
      2280        328          0         36          0      24030   main.o
      1410        118          0         24          0      13738   port.o
      1972         14          0          0          0      25699   queue.o
       276         24        620          0        512       5484   startup_tm4c123.o
       152         40          0          4          0        843   system_tm4c123.o
      3196        424          0         60        240      30127   tasks.o
      1242        106          0         20         40      13519   timers.o

    ----------------------------------------------------------------------
     10832       1068        652        152       8984     131881   Object Totals
         0          0         32          0          0          0   (incl. Generated)
        10          0          0          0          0          0   (incl. Padding)

    ----------------------------------------------------------------------

      Code (inc. data)   RO Data    RW Data    ZI Data      Debug   Library Member Name

         8          0          0          0          0         68   __main.o
         0          0          0          0          0          0   __rtentry.o
        12          0          0          0          0          0   __rtentry2.o
         6          0          0          0          0          0   __rtentry4.o
        52          8          0          0          0          0   __scatter.o
        26          0          0          0          0          0   __scatter_copy.o
        28          0          0          0          0          0   __scatter_zi.o
        16          0          0          0          0         68   aeabi_memset.o
        18          0          0          0          0         80   exit.o
         6          0          0          0          0        152   heapauxi.o
         0          0          0          0          0          0   indicate_semi.o
         2          0          0          0          0          0   libinit.o
         6          0          0          0          0          0   libinit2.o
         2          0          0          0          0          0   libshutdown.o
         2          0          0          0          0          0   libshutdown2.o
         8          4          0          0         96         68   libspace.o
        68          0          0          0          0         68   rt_memclr.o
        78          0          0          0          0         80   rt_memclr_w.o
       138          0          0          0          0         68   rt_memcpy_v6.o
       100          0          0          0          0         80   rt_memcpy_w.o
         2          0          0          0          0          0   rtexit.o
        10          0          0          0          0          0   rtexit2.o
        12          4          0          0          0         68   sys_exit.o
        74          0          0          0          0         80   sys_stackheap_outer.o
         2          0          0          0          0         68   use_no_semi.o
       454          8        528          0          0       5928   gpio.o
       114          0          0          0          0       2319   pwm.o
        66         10          0          0          0       1161   sysctl.o
        10          0          0          0          0        116   fpinit.o

    ----------------------------------------------------------------------
      1332         34        528          0         96      10472   Library Totals
        12          0          0          0          0          0   (incl. Padding)

    ----------------------------------------------------------------------

      Code (inc. data)   RO Data    RW Data    ZI Data      Debug   Library Name

       676         16          0          0         96        948   c_w.l
       634         18        528          0          0       9408   driverlib.lib
        10          0          0          0          0        116   fz_wm.l

    ----------------------------------------------------------------------
      1332         34        528          0         96      10472   Library Totals

    ----------------------------------------------------------------------

==============================================================================


      Code (inc. data)   RO Data    RW Data    ZI Data      Debug   

     12164       1102       1180        152       9080     133037   Grand Totals
     12164       1102       1180        152       9080     133037   ELF Image Totals
     12164       1102       1180        152          0          0   ROM Totals

==============================================================================

    Total RO  Size (Code + RO Data)                13344 (  13.03kB)
    Total RW  Size (RW Data + ZI Data)              9232 (   9.02kB)
    Total ROM Size (Code + RO Data + RW Data)      13496 (  13.18kB)

==============================================================================

